Unloading intel-mpi/2021.17.0
  Unloading dependent: valgrind/3.23.0-gcc14-impi
NOTE: No version specified. Unloading version: intel-mpi/2021.17.0.
Loading gcc/11.5.0
  ERROR: Module cannot be loaded due to a conflict.
    HINT: Might try "module unload gcc/14.3.0" first.

ERROR: Unable to locate a modulefile for 'intel-mpi/2019-gcc'
ERROR: Unable to locate a modulefile for 'cmake/3.14.5'
(Nicco) unloading modules via load_standard_modules.sh
Notice: No version specified. Unloading version: 'gcc/14.3.0'.

Unloading gcc/14.3.0
  Unloading dependent: mpfr/4.2.1-gcc14
  Unloading useless requirement: gmp/6.3.0
(Nicco) loading modules via load_standard_modules.sh
Notice: No version specified. Loading version: 'valgrind/3.23.0-gcc14-impi'.
Notice: No version specified. Loading version: 'mpfr/4.2.1-gcc14'.

Loading mpfr/4.2.1-gcc14
  Loading requirement: gmp/6.3.0
NOTE: No version specified. Loading version: gmp/6.3.0.
i01r01c01s01
Currently Loaded Modulefiles:
 1) stack/24.6.0{arch=auto}(default) <aL>   6) intel-mpi/2021.17.0(default)  
 2) slurm_setup/1.0(default)                7) valgrind/3.23.0-gcc14-impi    
 3) cmake/3.30.0                            8) gmp/6.3.0 <aL>                
 4) gdb/15.2                                9) mpfr/4.2.1-gcc14              
 5) gcc/14.3.0(default)                    

Key:
{variant=value}  (symbolic-version)  <module-tag>  <aL>=auto-loaded  
/dss/lrzsys/sys/spack/release/sles15.7/24.6.0/opt/x86_64/intel-oneapi-mpi/2021.17.0-gcc-waow6ji/mpi/2021.17/bin/mpirun
#ranks: 4
Thu Oct  1 17:41:53 CEST 2026
logdir: /hppfs/scratch/0D/di97lib/tmp/chainSS-401-sat23-n2-test-5904319/1 , localtmp: /hppfs/scratch/0D/di97lib/tmp/chainSS-401-sat23-n2-test-5904319/tmp/1 , output: /hppfs/work/pn72pu/di97lib/logs/chainSS-401-sat23-n2-test-5904319
 
 
Thu Oct  1 17:41:53 CEST 2026
jobname:  chainSS-401-sat23-n2-test
index:    1
logdir:   /hppfs/scratch/0D/di97lib/tmp/chainSS-401-sat23-n2-test-5904319/1
localtmp: /hppfs/scratch/0D/di97lib/tmp/chainSS-401-sat23-n2-test-5904319/tmp/1
output:   /hppfs/work/pn72pu/di97lib/logs/chainSS-401-sat23-n2-test-5904319
instance: /hppfs/work/pn72pu/di97lib/instances/sat23_uncompressed/cnfs/23c4e178c94c0dff82ea6c87abed7ecc-rphp_p60_r60.cnf
 
/hppfs/work/pn72pu/di97lib/instances/sat23_uncompressed/cnfs/23c4e178c94c0dff82ea6c87abed7ecc-rphp_p60_r60.cnf -> /hppfs/scratch/0D/di97lib/tmp/chainSS-401-sat23-n2-test-5904319/1
Thu Oct  1 17:41:53 CEST 2026 JOB 1 LAUNCHING
mpiexec -n 4 --bind-to core --map-by numa -genvall build/mallob -mono-app=SATWITHPRE -preprocess-config=config/satwithpre/actors_sweepfirst.json -satsolver=k -mono=/hppfs/work/pn72pu/di97lib/instances/sat23_uncompressed/cnfs/23c4e178c94c0dff82ea6c87abed7ecc-rphp_p60_r60.cnf -jwl=30 -T=60 -wam=60000 -pre-cleanup=1 -log=/hppfs/scratch/0D/di97lib/tmp/chainSS-401-sat23-n2-test-5904319/1 -tmp=/hppfs/scratch/0D/di97lib/tmp/chainSS-401-sat23-n2-test-5904319/tmp/1 -comment-outputlogdir=/hppfs/work/pn72pu/di97lib/logs/chainSS-401-sat23-n2-test-5904319 -sro=/hppfs/scratch/0D/di97lib/tmp/chainSS-401-sat23-n2-test-5904319/1/processed-jobs.out -trace-dir=/hppfs/scratch/0D/di97lib/tmp/chainSS-401-sat23-n2-test-5904319/1/ -rpa=1 -pph=2 -mlpt=50000000 -t=24 -isp=0 -cfci=30 -rlbd=0 -ilbd=1 -q=0 -os=1 -cm=0 -rspaa=1 -jcup=0.1 -v=2 -sweep-solver-verbosity=0 -cjc=1 -cjtcp=0 -fcll=2 -seed=0 -sweep-skip-ratio=0.001 -sweep-skip-window=2.0 -sweep-max-bad-iters=3 -spd=/hppfs/scratch/0D/di97lib/tmp/chainSS-401-sat23-n2-test-5904319/1/ -spl=-1
Options -binding/-bind-to/-map-by/-membind are not supported and will be ignored.
	Please refer I_MPI_PIN environment variables family.
PROLOG: /hppfs/scratch/0D/di97lib/tmp/chainSS-401-sat23-n2-test-5904319/1 /hppfs/scratch/0D/di97lib/tmp/chainSS-401-sat23-n2-test-5904319/tmp/1
PROLOG: /hppfs/scratch/0D/di97lib/tmp/chainSS-401-sat23-n2-test-5904319/1 /hppfs/scratch/0D/di97lib/tmp/chainSS-401-sat23-n2-test-5904319/tmp/1
PROLOG: /hppfs/scratch/0D/di97lib/tmp/chainSS-401-sat23-n2-test-5904319/1 /hppfs/scratch/0D/di97lib/tmp/chainSS-401-sat23-n2-test-5904319/tmp/1
PROLOG: /hppfs/scratch/0D/di97lib/tmp/chainSS-401-sat23-n2-test-5904319/1 /hppfs/scratch/0D/di97lib/tmp/chainSS-401-sat23-n2-test-5904319/tmp/1
c 
c Mallob - Malleable Load Balancer - Massively Parallel Logic Backend
c 
c Core system:
c (C) 2018-2026 Dominik Schreiber, Karlsruhe Institute of Technology
c (C) 2025-2026 Niccolò Rigi-Luperti, Karlsruhe Institute of Technology
c 
c Application module SAT: by Dominik Schreiber and Niccolò Rigi-Luperti
c Featuring Lingeling and YalSAT by Armin Biere
c Featuring Kissat by Armin Biere
c Featuring CaDiCaL by Armin Biere, Mathias Fleury, Katalin Fazekas, Florian Pollitt, Tobias Faller, and Nils Froleyks
c Featuring Minisat by Niklas Een and Niklas Sörensson
c 
c Application module SATWITHPRE: 
c Featuring Satsuma by Markus Anders
c Featuring interface and proof production code by Anna Görth
c 
c Application module SWEEP: by Dominik Schreiber and Niccolò Rigi-Luperti
c 
c 0.004 1 Cleaning up pre-execution
c 0.003 0 Program options: -0o=0 -J=0 -SJ=0 -T=60 -adc=0 -aim=1 -ajpc=0 -ans=0 -apidir=.api -ba=4 -bem=1 -bicg=4 -br=0 -c=1 -cbbs=0 -cblm=1 -cblp=100000 -cdel=2 -cecpm=0 -cf=0 -cfci=30 -cfm=3 -cg=1 -ch=0 -checksums=0 -cjc=1 -cjtcp=0 -client-app-threads=1 -cm=0 -cmp=0 -colors=0 -compact-proof=0 -cpshm=0 -csa=1 -csm=3 -cusv=1 -dc=0 -decpm=0 -delaymonkey=0 -div-phases=1 -div-seeds=1 -dpa=1 -ds=0 -evpt=500 -evu=0 -extmem-disk-dir=.disk -fapii=0 -fcll=2 -fitp=0 -g=0 -gclls=0 -h=0 -huca=0 -iff=0 -ilbd=1 -inotify=1 -interface-fs=0 -interface-ipc=0 -ipm=1 -ivdh=0 -jc=4 -jcl=0 -jcup=0.1 -jjp=0 -js=0 -jwl=30 -l=1 -latencymonkey=0 -lbdpi=0 -lbdpo=0 -ljpc=32 -log=/hppfs/scratch/0D/di97lib/tmp/chainSS-401-sat23-n2-test-5904319/1 -mbt=8388608 -mcips=10 -md=0 -mempanic=1 -mjps=0 -mlbdps=2 -mlpt=50000000 -mmpi=0 -mono=/hppfs/work/pn72pu/di97lib/instances/sat23_uncompressed/cnfs/23c4e178c94c0dff82ea6c87abed7ecc-rphp_p60_r60.cnf -mono-app=SATWITHPRE -mono-incs=0 -mscf=5 -nec=10 -no-import=0 -os=1 -otfc=0 -otfci=0 -otfcm=1 -p=0.1 -palrup=0 -palrup-binary=1 -palrup-check=0 -pb=1 -pbbm=0 -pcm=0 -pef=1 -pjp=9999999 -pph=2 -pre-cleanup=1 -prepro-proofs=0 -preprocess-config=config/satwithpre/actors_sweepfirst.json -preprocess-sweepnsat=0 -prisma=0 -proof-debugging=0 -ps=0 -psp=1 -q=0 -qcll=60 -qlbdl=60 -randlbd=0 -replay=0 -rlbd=0 -rpa=1 -rs=1 -rspaa=1 -s=0.5 -sat-config-dirs=config/sat/base -satsolver=k -scll=60 -scramble-lbds=0 -scsd=0 -seed=0 -sjd=0 -slbdl=60 -sleep=100 -spd=/hppfs/scratch/0D/di97lib/tmp/chainSS-401-sat23-n2-test-5904319/1/ -spl=-1 -sro=/hppfs/scratch/0D/di97lib/tmp/chainSS-401-sat23-n2-test-5904319/1/processed-jobs.out -sswl=0 -swic=1 -swmd=9999999 -swmi=9999999 -swmp=1000000 -swmpay=100000000 -swmwi=3 -swqt=1 -swrc=0 -swsk=1 -swskr=0.001 -swskw=2 -swslw=0 -swsp=0.05 -swsw=1 -swtws=0 -swvrb=0 -swxr=1 -swxs=1 -t=24 -terminate-abruptly=0 -tmp=/hppfs/scratch/0D/di97lib/tmp/chainSS-401-sat23-n2-test-5904319/tmp/1 -trace-dir=/hppfs/scratch/0D/di97lib/tmp/chainSS-401-sat23-n2-test-5904319/1/ -uninvert-proof=1 -v=2 -w=-1 -wam=60000 -warmup=0 -watchdog=1 -y=1 -yield=0 
c 0.003 0 Cleaning up pre-execution
c 0.011 3 Cleaning up pre-execution
c 0.012 2 Cleaning up pre-execution
c 0.174 1 [WARN] Num bounce alternatives must be at most half the number of workers!
c 0.174 1 [WARN] Falling back to safe value r=2.
c 0.154 2 [WARN] Num bounce alternatives must be at most half the number of workers!
c 0.154 2 [WARN] Falling back to safe value r=2.
c 0.155 3 [WARN] Num bounce alternatives must be at most half the number of workers!
c 0.155 3 [WARN] Falling back to safe value r=2.
c 0.174 0 [WARN] Num bounce alternatives must be at most half the number of workers!
c 0.174 0 [WARN] Falling back to safe value r=2.
c 0.178 0 Set up API connector
c 0.181 1 Machine color 0 with 2 total workers (my rank: 1)
c 0.161 3 Machine color 1 with 2 total workers (my rank: 1)
c 0.181 0 Machine color 0 with 2 total workers (my rank: 0)
c 0.181 0 Assuming application "SATWITHPRE" for mono job
c 0.181 0 Submit mono job (increment) {"application":"SATWITHPRE","description-id":"mono-job-desc-0","files":["/hppfs/work/pn72pu/di97lib/instances/sat23_uncompressed/cnfs/23c4e178c94c0dff82ea6c87abed7ecc-rphp_p60_r60.cnf"],"group-id":"1","incremental":false,"name":"mono-job-0","priority":1.0,"user":"admin","wallclock-limit":"30.000000s"}
c 0.163 2 Machine color 1 with 2 total workers (my rank: 0)
c 0.256 0 SATWP launch sweep:0:MallobSweep
c 0.259 0 SATWP Sweep setting json['sweepresult-dir']=/hppfs/scratch/0D/di97lib/tmp/chainSS-401-sat23-n2-test-5904319/tmp/1/sweepresults-720740439
c 0.272 0 Introducing job #511 rev. 0 : r.#511:0 rev. 0 <- [0] born=0.272 hops=0 epoch=-1 matchId=-1 => [0]
c 0.281 0 <SWEEP> New SweepJob MPI Process on rank [0] with planned 24 threads, ctx 4 
c 0.281 0 New SweepJob MPI Process on rank [0] with planned 24 threads, ctx 4 
c 0.281 0 <SWEEP> SWEEP JOB SweepJob appl_start() STARTED: Rank 0, Index 0, ContextId 4, is root? 1, Parent-Rank 0, Parent-Index 0, threads=24, NumVars 7200, NumClauses 214350
c 0.281 0 SWEEP JOB SweepJob appl_start() STARTED: Rank 0, Index 0, ContextId 4, is root? 1, Parent-Rank 0, Parent-Index 0, threads=24, NumVars 7200, NumClauses 214350
c 0.276 3 <SWEEP> New SweepJob MPI Process on rank [3] with planned 24 threads, ctx 7 
c 0.276 3 New SweepJob MPI Process on rank [3] with planned 24 threads, ctx 7 
c 0.297 1 <SWEEP> New SweepJob MPI Process on rank [1] with planned 24 threads, ctx 5 
c 0.297 1 New SweepJob MPI Process on rank [1] with planned 24 threads, ctx 5 
c 0.281 3 <SWEEP> SWEEP JOB SweepJob appl_start() STARTED: Rank 3, Index 2, ContextId 7, is root? 0, Parent-Rank 0, Parent-Index 0, threads=24, NumVars 7200, NumClauses 214350
c 0.281 3 SWEEP JOB SweepJob appl_start() STARTED: Rank 3, Index 2, ContextId 7, is root? 0, Parent-Rank 0, Parent-Index 0, threads=24, NumVars 7200, NumClauses 214350
c 0.285 2 <SWEEP> New SweepJob MPI Process on rank [2] with planned 24 threads, ctx 6 
c 0.285 2 New SweepJob MPI Process on rank [2] with planned 24 threads, ctx 6 
c 0.309 1 <SWEEP> SWEEP JOB SweepJob appl_start() STARTED: Rank 1, Index 1, ContextId 5, is root? 0, Parent-Rank 0, Parent-Index 0, threads=24, NumVars 7200, NumClauses 214350
c 0.309 1 SWEEP JOB SweepJob appl_start() STARTED: Rank 1, Index 1, ContextId 5, is root? 0, Parent-Rank 0, Parent-Index 0, threads=24, NumVars 7200, NumClauses 214350
c 0.319 2 <SWEEP> SWEEP JOB SweepJob appl_start() STARTED: Rank 2, Index 3, ContextId 6, is root? 0, Parent-Rank 1, Parent-Index 1, threads=24, NumVars 7200, NumClauses 214350
c 0.319 2 SWEEP JOB SweepJob appl_start() STARTED: Rank 2, Index 3, ContextId 6, is root? 0, Parent-Rank 1, Parent-Index 1, threads=24, NumVars 7200, NumClauses 214350
c 0.361 0 [WARN] #511:0 job tree has size 1/4
c 0.436 0 <SWEEP> [0](root-trf) ITERATION 1/9999999 STARTED 
c 0.537 0 <SWEEP> [0](root-trf) ITERATION 1/9999999 shared: 0 EQS, 0 UNITS  
c 0.587 0 <SWEEP> [0](root-trf) ITERATION 2/9999999 STARTED 
c 0.739 0 <SWEEP> [0](root-trf) ITERATION 2/9999999 shared: 0 EQS, 0 UNITS  
c 0.789 0 <SWEEP> [0](root-trf) ITERATION 3/9999999 STARTED 
c 1.142 0 <SWEEP> [0](root-trf) ITERATION 3/9999999 shared: 0 EQS, 0 UNITS  
c 1.192 0 <SWEEP> [0](root-trf) ITERATION 4/9999999 STARTED 
c 1.201 0 sysstate busyratio=1.000 cmtdratio=0.000 jobs=1 globmem=0.00GB newreqs=3 hops=2
c 1.201 0 sysstate entered=2 parsed=2 scheduled=2 processed=0 successful=0
c 2.201 0 sysstate busyratio=1.000 cmtdratio=0.000 jobs=1 globmem=3.47GB newreqs=0 hops=0
c 2.201 0 sysstate entered=2 parsed=2 scheduled=2 processed=0 successful=0
c 2.504 0 <SWEEP> [0](root-trf) TERMINATE (due to TOO_MANY_WEAK_ITERATIONS) due to 4 th weak iteration (limit: 3) 
c 2.504 0 <SWEEP> [0](root-trf) ITERATION 4/9999999 shared: 0 EQS, 0 UNITS  
c 2.514 0 SWEEP [root](0) first to report dimacs result
c 2.514 0 SWEEP dimacs formula is not acceptable bc. no difference to original
c 2.514 0 SWEEP dimacs simplification: (7200 --> 7200 vars) (214350 --> 214350 clauses) 
c 2.515 0 <SWEEP> SWEEP JOB [0]: Solution UNKNOWN
c 2.515 0 <SWEEP> SWEEP_RESULT_CODE 0 == UNKNOWN 
c 2.515 0 SWEEP_RESULT_CODE 0 == UNKNOWN 
c 2.524 0 <SWEEP> SWEEP: mainthread now reporting to Mallob: result 0 
c 2.524 0 SWEEP: mainthread now reporting to Mallob: result 0 
c 2.535 0 RESPONSE_TIME #511 2.276010 rev. 0
c 2.535 0 SOLUTION #511 UNKNOWN rev. 0
c 2.535 0 SATWP sweep:0:MallobSweep done, result NONE
c 2.518 2 <SWEEP> SWEEP JOB DESTRUCTOR DONE ctx 6
c 2.518 2 SWEEP JOB DESTRUCTOR DONE ctx 6
c 2.539 0 SATWP launch mal:1:MallobSat
c 2.541 1 <SWEEP> SWEEP JOB DESTRUCTOR DONE ctx 5
c 2.541 1 SWEEP JOB DESTRUCTOR DONE ctx 5
c 2.524 3 <SWEEP> SWEEP JOB DESTRUCTOR DONE ctx 7
c 2.524 3 SWEEP JOB DESTRUCTOR DONE ctx 7
c 2.545 0 <SWEEP> SWEEP JOB DESTRUCTOR DONE ctx 4
c 2.545 0 SWEEP JOB DESTRUCTOR DONE ctx 4
c 2.557 0 Introducing job #512 rev. 0 : r.#512:0 rev. 0 <- [0] born=2.557 hops=0 epoch=-1 matchId=-1 => [0]
c 2.586 0 [WARN] #512:0 job tree has size 1/4
c 3.201 0 sysstate busyratio=1.000 cmtdratio=0.000 jobs=1 globmem=3.49GB newreqs=3 hops=1
c 3.201 0 sysstate entered=3 parsed=3 scheduled=3 processed=1 successful=0
c 4.202 0 sysstate busyratio=1.000 cmtdratio=0.000 jobs=1 globmem=4.85GB newreqs=0 hops=0
c 4.202 0 sysstate entered=3 parsed=3 scheduled=3 processed=1 successful=0
c 5.202 0 sysstate busyratio=1.000 cmtdratio=0.000 jobs=1 globmem=5.37GB newreqs=0 hops=0
c 5.202 0 sysstate entered=3 parsed=3 scheduled=3 processed=1 successful=0
c 6.203 0 sysstate busyratio=1.000 cmtdratio=0.000 jobs=1 globmem=5.17GB newreqs=0 hops=0
c 6.203 0 sysstate entered=3 parsed=3 scheduled=3 processed=1 successful=0
c 7.203 0 sysstate busyratio=1.000 cmtdratio=0.000 jobs=1 globmem=5.31GB newreqs=0 hops=0
c 7.203 0 sysstate entered=3 parsed=3 scheduled=3 processed=1 successful=0
c 8.203 0 sysstate busyratio=1.000 cmtdratio=0.000 jobs=1 globmem=5.24GB newreqs=0 hops=0
c 8.203 0 sysstate entered=3 parsed=3 scheduled=3 processed=1 successful=0
c 9.204 0 sysstate busyratio=1.000 cmtdratio=0.000 jobs=1 globmem=5.45GB newreqs=0 hops=0
c 9.204 0 sysstate entered=3 parsed=3 scheduled=3 processed=1 successful=0
c 10.204 0 sysstate busyratio=1.000 cmtdratio=0.000 jobs=1 globmem=5.53GB newreqs=0 hops=0
c 10.204 0 sysstate entered=3 parsed=3 scheduled=3 processed=1 successful=0
c 11.205 0 sysstate busyratio=1.000 cmtdratio=0.000 jobs=1 globmem=5.66GB newreqs=0 hops=0
c 11.205 0 sysstate entered=3 parsed=3 scheduled=3 processed=1 successful=0
c 12.205 0 sysstate busyratio=1.000 cmtdratio=0.000 jobs=1 globmem=5.73GB newreqs=0 hops=0
c 12.205 0 sysstate entered=3 parsed=3 scheduled=3 processed=1 successful=0
c 13.205 0 sysstate busyratio=1.000 cmtdratio=0.000 jobs=1 globmem=5.83GB newreqs=0 hops=0
c 13.205 0 sysstate entered=3 parsed=3 scheduled=3 processed=1 successful=0
c 14.206 0 sysstate busyratio=1.000 cmtdratio=0.000 jobs=1 globmem=5.64GB newreqs=0 hops=0
c 14.206 0 sysstate entered=3 parsed=3 scheduled=3 processed=1 successful=0
c 15.206 0 sysstate busyratio=1.000 cmtdratio=0.000 jobs=1 globmem=5.66GB newreqs=0 hops=0
c 15.206 0 sysstate entered=3 parsed=3 scheduled=3 processed=1 successful=0
c 16.207 0 sysstate busyratio=1.000 cmtdratio=0.000 jobs=1 globmem=5.91GB newreqs=0 hops=0
c 16.207 0 sysstate entered=3 parsed=3 scheduled=3 processed=1 successful=0
c 17.207 0 sysstate busyratio=1.000 cmtdratio=0.000 jobs=1 globmem=6.10GB newreqs=0 hops=0
c 17.208 0 sysstate entered=3 parsed=3 scheduled=3 processed=1 successful=0
c 18.208 0 sysstate busyratio=1.000 cmtdratio=0.000 jobs=1 globmem=6.16GB newreqs=0 hops=0
c 18.208 0 sysstate entered=3 parsed=3 scheduled=3 processed=1 successful=0
c 19.208 0 sysstate busyratio=1.000 cmtdratio=0.000 jobs=1 globmem=6.18GB newreqs=0 hops=0
c 19.208 0 sysstate entered=3 parsed=3 scheduled=3 processed=1 successful=0
c 20.209 0 sysstate busyratio=1.000 cmtdratio=0.000 jobs=1 globmem=6.30GB newreqs=0 hops=0
c 20.209 0 sysstate entered=3 parsed=3 scheduled=3 processed=1 successful=0
c 21.209 0 sysstate busyratio=1.000 cmtdratio=0.000 jobs=1 globmem=6.35GB newreqs=0 hops=0
c 21.209 0 sysstate entered=3 parsed=3 scheduled=3 processed=1 successful=0
c 22.209 0 sysstate busyratio=1.000 cmtdratio=0.000 jobs=1 globmem=6.34GB newreqs=0 hops=0
c 22.209 0 sysstate entered=3 parsed=3 scheduled=3 processed=1 successful=0
c 23.209 0 sysstate busyratio=1.000 cmtdratio=0.000 jobs=1 globmem=6.38GB newreqs=0 hops=0
c 23.210 0 sysstate entered=3 parsed=3 scheduled=3 processed=1 successful=0
c 24.210 0 sysstate busyratio=1.000 cmtdratio=0.000 jobs=1 globmem=6.48GB newreqs=0 hops=0
c 24.210 0 sysstate entered=3 parsed=3 scheduled=3 processed=1 successful=0
c 25.210 0 sysstate busyratio=1.000 cmtdratio=0.000 jobs=1 globmem=6.48GB newreqs=0 hops=0
c 25.210 0 sysstate entered=3 parsed=3 scheduled=3 processed=1 successful=0
c 26.211 0 sysstate busyratio=1.000 cmtdratio=0.000 jobs=1 globmem=6.64GB newreqs=0 hops=0
c 26.211 0 sysstate entered=3 parsed=3 scheduled=3 processed=1 successful=0
c 27.211 0 sysstate busyratio=1.000 cmtdratio=0.000 jobs=1 globmem=6.72GB newreqs=0 hops=0
c 27.211 0 sysstate entered=3 parsed=3 scheduled=3 processed=1 successful=0
c 28.211 0 sysstate busyratio=1.000 cmtdratio=0.000 jobs=1 globmem=6.48GB newreqs=0 hops=0
c 28.211 0 sysstate entered=3 parsed=3 scheduled=3 processed=1 successful=0
c 29.212 0 sysstate busyratio=1.000 cmtdratio=0.000 jobs=1 globmem=6.65GB newreqs=0 hops=0
c 29.212 0 sysstate entered=3 parsed=3 scheduled=3 processed=1 successful=0
c 30.212 0 sysstate busyratio=1.000 cmtdratio=0.000 jobs=1 globmem=6.72GB newreqs=0 hops=0
c 30.212 0 sysstate entered=3 parsed=3 scheduled=3 processed=1 successful=0
c 30.253 0 SATWP mal:1:MallobSat interrupt
c 30.253 0 SATWP RES ~0~
c 30.253 0 Interrupt #512
c 30.254 0 TIMEOUT/UNKNOWN #512 rev. 0 27.696880 <= [0]
c 30.256 1 <#512> END pps:926748203 dcs:13048231 cfs:7122963 rst:44822 prod:770334 (flt:2222 adm:55258 drp:712852) recv:1005936 (flt:10575 digd:954271 drp:0) + intim:0/0
c 30.256 1 <#512> END exp:12066/12066 drp:0(0.000000) pflt:0 sflt:0
c 30.256 1 <#512> clenhist prod total:770341 0 0 0 0 0 0 0 0 0 0 0 0 0 0 0 0 0 0 0 0 0 0 0 0 0 0 0 0 0 0 0 0 0 0 0 0 0 0 0 0 0 0 0 0 0 0 0 0 0 0 0 6 380 4112 24833 91168 175226 165145 141941 167530
c 30.256 1 <#512> clenhist flfl total:2222 0 0 0 0 0 0 0 0 0 0 0 0 0 0 0 0 0 0 0 0 0 0 0 0 0 0 0 0 0 0 0 0 0 0 0 0 0 0 0 0 0 0 0 0 0 0 0 0 0 0 0 0 0 0 14 64 140 264 362 1378
c 30.256 1 <#512> clenhist admt total:55258 0 0 0 0 0 0 0 0 0 0 0 0 0 0 0 0 0 0 0 0 0 0 0 0 0 0 0 0 0 0 0 0 0 0 0 0 0 0 0 0 0 0 0 0 0 0 0 0 0 0 0 6 378 4108 15566 9146 5591 6624 6319 7520
c 30.256 1 <#512> clenhist drpd total:712860 0 0 0 0 0 0 0 0 0 0 0 0 0 0 0 0 0 0 0 0 0 0 0 0 0 0 0 0 0 0 0 0 0 0 0 0 0 0 0 0 0 0 0 0 0 0 0 0 0 0 0 0 2 4 9253 81958 169495 158258 135258 158632
c 30.256 1 <#512> clenhist retd total:752 0 0 0 0 0 0 0 0 0 0 0 0 0 0 0 0 0 0 0 0 0 0 0 0 0 0 0 0 0 0 0 0 0 0 0 0 0 0 0 0 0 0 0 0 0 0 0 0 0 0 0 0 0 29 702 21
c 30.236 2 <#512> END pps:938871114 dcs:13829132 cfs:7292950 rst:48752 prod:857727 (flt:1173 adm:54687 drp:801862) recv:1005936 (flt:11608 digd:942071 drp:0) + intim:0/0
c 30.236 2 <#512> END exp:12076/12076 drp:0(0.000000) pflt:0 sflt:0
c 30.236 2 <#512> clenhist prod total:857732 0 0 0 0 0 0 0 0 0 0 0 0 0 0 0 0 0 0 0 0 0 0 0 0 0 0 0 0 0 0 0 0 0 0 0 0 0 0 0 0 0 0 0 0 0 0 0 0 0 0 0 8 444 4438 25955 96066 187861 187667 166394 188899
c 30.236 2 <#512> clenhist flfl total:1173 0 0 0 0 0 0 0 0 0 0 0 0 0 0 0 0 0 0 0 0 0 0 0 0 0 0 0 0 0 0 0 0 0 0 0 0 0 0 0 0 0 0 0 0 0 0 0 0 0 0 0 0 0 1 7 14 10 17 41 1083
c 30.236 2 <#512> clenhist admt total:54687 0 0 0 0 0 0 0 0 0 0 0 0 0 0 0 0 0 0 0 0 0 0 0 0 0 0 0 0 0 0 0 0 0 0 0 0 0 0 0 0 0 0 0 0 0 0 0 0 0 0 0 8 444 4433 17056 6558 5365 6811 6581 7431
c 30.236 2 <#512> clenhist drpd total:801867 0 0 0 0 0 0 0 0 0 0 0 0 0 0 0 0 0 0 0 0 0 0 0 0 0 0 0 0 0 0 0 0 0 0 0 0 0 0 0 0 0 0 0 0 0 0 0 0 0 0 0 0 0 4 8892 89494 182486 180838 159771 180382
c 30.254 0 <#512> END pps:940318527 dcs:13546074 cfs:7346186 rst:40380 prod:803517 (flt:4412 adm:49345 drp:749759) recv:1005936 (flt:7747 digd:948817 drp:0) + intim:0/0
c 30.255 0 <#512> END exp:12073/12073 drp:0(0.000000) pflt:0 sflt:0
c 30.255 0 <#512> clenhist prod total:803530 0 0 0 0 0 0 0 0 0 0 0 0 0 0 0 0 0 0 0 0 0 0 0 0 0 0 0 0 0 0 0 0 0 0 0 0 0 0 0 0 0 0 0 0 0 0 0 0 0 0 0 4 418 4279 24185 85059 170813 183933 159847 174992
c 30.255 0 <#512> clenhist flfl total:4412 0 0 0 0 0 0 0 0 0 0 0 0 0 0 0 0 0 0 0 0 0 0 0 0 0 0 0 0 0 0 0 0 0 0 0 0 0 0 0 0 0 0 0 0 0 0 0 0 0 0 0 0 1 5 27 164 688 698 827 2002
c 30.255 0 <#512> clenhist admt total:49349 0 0 0 0 0 0 0 0 0 0 0 0 0 0 0 0 0 0 0 0 0 0 0 0 0 0 0 0 0 0 0 0 0 0 0 0 0 0 0 0 0 0 0 0 0 0 0 0 0 0 0 4 417 4271 15689 5154 6846 7226 4662 5080
c 30.255 0 <#512> clenhist drpd total:749771 0 0 0 0 0 0 0 0 0 0 0 0 0 0 0 0 0 0 0 0 0 0 0 0 0 0 0 0 0 0 0 0 0 0 0 0 0 0 0 0 0 0 0 0 0 0 0 0 0 0 0 0 0 3 8469 79741 163279 176010 154357 167912
c 30.255 0 <#512> clenhist retd total:5599 0 0 0 0 0 0 0 0 0 0 0 0 0 0 0 0 0 0 0 0 0 0 0 0 0 0 0 0 0 0 0 0 0 0 0 0 0 0 0 0 0 0 0 0 0 0 0 0 0 0 0 0 0 0 5490 109
c 30.237 3 <#512> END pps:926394578 dcs:12932609 cfs:7264872 rst:41682 prod:774540 (flt:1599 adm:94614 drp:678326) recv:1005936 (flt:11361 digd:941177 drp:0) + intim:0/0
c 30.237 3 <#512> END exp:12073/12073 drp:0(0.000000) pflt:0 sflt:0
c 30.237 3 <#512> clenhist prod total:774541 0 0 0 0 0 0 0 0 0 0 0 0 0 0 0 0 0 0 0 0 0 0 0 0 0 0 0 0 0 0 0 0 0 0 0 0 0 0 0 0 0 0 0 0 0 0 0 0 0 0 0 8 413 4298 24588 86082 163309 168206 153433 174204
c 30.237 3 <#512> clenhist flfl total:1599 0 0 0 0 0 0 0 0 0 0 0 0 0 0 0 0 0 0 0 0 0 0 0 0 0 0 0 0 0 0 0 0 0 0 0 0 0 0 0 0 0 0 0 0 0 0 0 0 0 0 0 0 0 0 4 23 74 160 230 1108
c 30.238 3 <#512> clenhist admt total:94614 0 0 0 0 0 0 0 0 0 0 0 0 0 0 0 0 0 0 0 0 0 0 0 0 0 0 0 0 0 0 0 0 0 0 0 0 0 0 0 0 0 0 0 0 0 0 0 0 0 0 0 8 412 4295 16985 11670 13575 16006 14824 16839
c 30.238 3 <#512> clenhist drpd total:678327 0 0 0 0 0 0 0 0 0 0 0 0 0 0 0 0 0 0 0 0 0 0 0 0 0 0 0 0 0 0 0 0 0 0 0 0 0 0 0 0 0 0 0 0 0 0 0 0 0 0 0 0 1 3 7599 74389 149660 152039 138379 156257
c 30.259 0 RESPONSE_TIME #510 30.077515 rev. 0
c 30.259 0 SOLUTION #510 UNKNOWN rev. 0
s UNKNOWN
c 30.259 0 Mono job done
c 30.505 1 Exiting happily
c 30.503 0 Exiting happily
c 30.485 2 Exiting happily
c 30.486 3 Exiting happily
Options -binding/-bind-to/-map-by/-membind are not supported and will be ignored.
	Please refer I_MPI_PIN environment variables family.
[proxy:0:0@i01r01c01s01] HYD_spawn (../../../../../src/pm/i_hydra/libhydra/spawn/intel/hydra_spawn.c:177): execvp error on file scripts/slurm/epilogNew.sh (Permission denied)
[proxy:0:0@i01r01c01s01] HYD_spawn (../../../../../src/pm/i_hydra/libhydra/spawn/intel/hydra_spawn.c:177): execvp error on file scripts/slurm/epilogNew.sh (Permission denied)
Thu Oct  1 17:42:29 CEST 2026 JOB 1 FINISHED
logdir: /hppfs/scratch/0D/di97lib/tmp/chainSS-401-sat23-n2-test-5904319/2 , localtmp: /hppfs/scratch/0D/di97lib/tmp/chainSS-401-sat23-n2-test-5904319/tmp/2 , output: /hppfs/work/pn72pu/di97lib/logs/chainSS-401-sat23-n2-test-5904319
 
 
Thu Oct  1 17:42:32 CEST 2026
jobname:  chainSS-401-sat23-n2-test
index:    2
logdir:   /hppfs/scratch/0D/di97lib/tmp/chainSS-401-sat23-n2-test-5904319/2
localtmp: /hppfs/scratch/0D/di97lib/tmp/chainSS-401-sat23-n2-test-5904319/tmp/2
output:   /hppfs/work/pn72pu/di97lib/logs/chainSS-401-sat23-n2-test-5904319
instance: /hppfs/work/pn72pu/di97lib/instances/sat23_uncompressed/cnfs/d89718e39ff99638c2882b47988120cd-brent_63_0.1.cnf
 
/hppfs/work/pn72pu/di97lib/instances/sat23_uncompressed/cnfs/d89718e39ff99638c2882b47988120cd-brent_63_0.1.cnf -> /hppfs/scratch/0D/di97lib/tmp/chainSS-401-sat23-n2-test-5904319/2
Thu Oct  1 17:42:32 CEST 2026 JOB 2 LAUNCHING
mpiexec -n 4 --bind-to core --map-by numa -genvall build/mallob -mono-app=SATWITHPRE -preprocess-config=config/satwithpre/actors_sweepfirst.json -satsolver=k -mono=/hppfs/work/pn72pu/di97lib/instances/sat23_uncompressed/cnfs/d89718e39ff99638c2882b47988120cd-brent_63_0.1.cnf -jwl=30 -T=60 -wam=60000 -pre-cleanup=1 -log=/hppfs/scratch/0D/di97lib/tmp/chainSS-401-sat23-n2-test-5904319/2 -tmp=/hppfs/scratch/0D/di97lib/tmp/chainSS-401-sat23-n2-test-5904319/tmp/2 -comment-outputlogdir=/hppfs/work/pn72pu/di97lib/logs/chainSS-401-sat23-n2-test-5904319 -sro=/hppfs/scratch/0D/di97lib/tmp/chainSS-401-sat23-n2-test-5904319/2/processed-jobs.out -trace-dir=/hppfs/scratch/0D/di97lib/tmp/chainSS-401-sat23-n2-test-5904319/2/ -rpa=1 -pph=2 -mlpt=50000000 -t=24 -isp=0 -cfci=30 -rlbd=0 -ilbd=1 -q=0 -os=1 -cm=0 -rspaa=1 -jcup=0.1 -v=2 -sweep-solver-verbosity=0 -cjc=1 -cjtcp=0 -fcll=2 -seed=0 -sweep-skip-ratio=0.001 -sweep-skip-window=2.0 -sweep-max-bad-iters=3 -spd=/hppfs/scratch/0D/di97lib/tmp/chainSS-401-sat23-n2-test-5904319/2/ -spl=-1
Options -binding/-bind-to/-map-by/-membind are not supported and will be ignored.
	Please refer I_MPI_PIN environment variables family.
PROLOG: /hppfs/scratch/0D/di97lib/tmp/chainSS-401-sat23-n2-test-5904319/2 /hppfs/scratch/0D/di97lib/tmp/chainSS-401-sat23-n2-test-5904319/tmp/2
PROLOG: /hppfs/scratch/0D/di97lib/tmp/chainSS-401-sat23-n2-test-5904319/2 /hppfs/scratch/0D/di97lib/tmp/chainSS-401-sat23-n2-test-5904319/tmp/2
PROLOG: /hppfs/scratch/0D/di97lib/tmp/chainSS-401-sat23-n2-test-5904319/2 /hppfs/scratch/0D/di97lib/tmp/chainSS-401-sat23-n2-test-5904319/tmp/2
PROLOG: /hppfs/scratch/0D/di97lib/tmp/chainSS-401-sat23-n2-test-5904319/2 /hppfs/scratch/0D/di97lib/tmp/chainSS-401-sat23-n2-test-5904319/tmp/2
c 
c Mallob - Malleable Load Balancer - Massively Parallel Logic Backend
c 
c Core system:
c (C) 2018-2026 Dominik Schreiber, Karlsruhe Institute of Technology
c (C) 2025-2026 Niccolò Rigi-Luperti, Karlsruhe Institute of Technology
c 
c Application module SAT: by Dominik Schreiber and Niccolò Rigi-Luperti
c Featuring Lingeling and YalSAT by Armin Biere
c Featuring Kissat by Armin Biere
c Featuring CaDiCaL by Armin Biere, Mathias Fleury, Katalin Fazekas, Florian Pollitt, Tobias Faller, and Nils Froleyks
c Featuring Minisat by Niklas Een and Niklas Sörensson
c 
c Application module SATWITHPRE: 
c Featuring Satsuma by Markus Anders
c Featuring interface and proof production code by Anna Görth
c 
c Application module SWEEP: by Dominik Schreiber and Niccolò Rigi-Luperti
c 
c 0.009 1 Cleaning up pre-execution
c 0.007 0 Program options: -0o=0 -J=0 -SJ=0 -T=60 -adc=0 -aim=1 -ajpc=0 -ans=0 -apidir=.api -ba=4 -bem=1 -bicg=4 -br=0 -c=1 -cbbs=0 -cblm=1 -cblp=100000 -cdel=2 -cecpm=0 -cf=0 -cfci=30 -cfm=3 -cg=1 -ch=0 -checksums=0 -cjc=1 -cjtcp=0 -client-app-threads=1 -cm=0 -cmp=0 -colors=0 -compact-proof=0 -cpshm=0 -csa=1 -csm=3 -cusv=1 -dc=0 -decpm=0 -delaymonkey=0 -div-phases=1 -div-seeds=1 -dpa=1 -ds=0 -evpt=500 -evu=0 -extmem-disk-dir=.disk -fapii=0 -fcll=2 -fitp=0 -g=0 -gclls=0 -h=0 -huca=0 -iff=0 -ilbd=1 -inotify=1 -interface-fs=0 -interface-ipc=0 -ipm=1 -ivdh=0 -jc=4 -jcl=0 -jcup=0.1 -jjp=0 -js=0 -jwl=30 -l=1 -latencymonkey=0 -lbdpi=0 -lbdpo=0 -ljpc=32 -log=/hppfs/scratch/0D/di97lib/tmp/chainSS-401-sat23-n2-test-5904319/2 -mbt=8388608 -mcips=10 -md=0 -mempanic=1 -mjps=0 -mlbdps=2 -mlpt=50000000 -mmpi=0 -mono=/hppfs/work/pn72pu/di97lib/instances/sat23_uncompressed/cnfs/d89718e39ff99638c2882b47988120cd-brent_63_0.1.cnf -mono-app=SATWITHPRE -mono-incs=0 -mscf=5 -nec=10 -no-import=0 -os=1 -otfc=0 -otfci=0 -otfcm=1 -p=0.1 -palrup=0 -palrup-binary=1 -palrup-check=0 -pb=1 -pbbm=0 -pcm=0 -pef=1 -pjp=9999999 -pph=2 -pre-cleanup=1 -prepro-proofs=0 -preprocess-config=config/satwithpre/actors_sweepfirst.json -preprocess-sweepnsat=0 -prisma=0 -proof-debugging=0 -ps=0 -psp=1 -q=0 -qcll=60 -qlbdl=60 -randlbd=0 -replay=0 -rlbd=0 -rpa=1 -rs=1 -rspaa=1 -s=0.5 -sat-config-dirs=config/sat/base -satsolver=k -scll=60 -scramble-lbds=0 -scsd=0 -seed=0 -sjd=0 -slbdl=60 -sleep=100 -spd=/hppfs/scratch/0D/di97lib/tmp/chainSS-401-sat23-n2-test-5904319/2/ -spl=-1 -sro=/hppfs/scratch/0D/di97lib/tmp/chainSS-401-sat23-n2-test-5904319/2/processed-jobs.out -sswl=0 -swic=1 -swmd=9999999 -swmi=9999999 -swmp=1000000 -swmpay=100000000 -swmwi=3 -swqt=1 -swrc=0 -swsk=1 -swskr=0.001 -swskw=2 -swslw=0 -swsp=0.05 -swsw=1 -swtws=0 -swvrb=0 -swxr=1 -swxs=1 -t=24 -terminate-abruptly=0 -tmp=/hppfs/scratch/0D/di97lib/tmp/chainSS-401-sat23-n2-test-5904319/tmp/2 -trace-dir=/hppfs/scratch/0D/di97lib/tmp/chainSS-401-sat23-n2-test-5904319/2/ -uninvert-proof=1 -v=2 -w=-1 -wam=60000 -warmup=0 -watchdog=1 -y=1 -yield=0 
c 0.007 0 Cleaning up pre-execution
c 0.012 3 Cleaning up pre-execution
c 0.010 2 Cleaning up pre-execution
c 0.138 2 [WARN] Num bounce alternatives must be at most half the number of workers!
c 0.138 2 [WARN] Falling back to safe value r=2.
c 0.165 0 [WARN] Num bounce alternatives must be at most half the number of workers!
c 0.165 0 [WARN] Falling back to safe value r=2.
c 0.139 3 [WARN] Num bounce alternatives must be at most half the number of workers!
c 0.139 3 [WARN] Falling back to safe value r=2.
c 0.168 1 [WARN] Num bounce alternatives must be at most half the number of workers!
c 0.168 1 [WARN] Falling back to safe value r=2.
c 0.167 0 Set up API connector
c 0.143 3 Machine color 1 with 2 total workers (my rank: 1)
c 0.172 1 Machine color 0 with 2 total workers (my rank: 1)
c 0.143 2 Machine color 1 with 2 total workers (my rank: 0)
c 0.171 0 Machine color 0 with 2 total workers (my rank: 0)
c 0.172 0 Assuming application "SATWITHPRE" for mono job
c 0.172 0 Submit mono job (increment) {"application":"SATWITHPRE","description-id":"mono-job-desc-0","files":["/hppfs/work/pn72pu/di97lib/instances/sat23_uncompressed/cnfs/d89718e39ff99638c2882b47988120cd-brent_63_0.1.cnf"],"group-id":"1","incremental":false,"name":"mono-job-0","priority":1.0,"user":"admin","wallclock-limit":"30.000000s"}
c 0.303 0 SATWP launch sweep:0:MallobSweep
c 0.306 0 SATWP Sweep setting json['sweepresult-dir']=/hppfs/scratch/0D/di97lib/tmp/chainSS-401-sat23-n2-test-5904319/tmp/2/sweepresults-933705547
c 0.331 0 Introducing job #514 rev. 0 : r.#514:0 rev. 0 <- [0] born=0.331 hops=0 epoch=-1 matchId=-1 => [0]
c 0.340 0 <SWEEP> New SweepJob MPI Process on rank [0] with planned 24 threads, ctx 4 
c 0.340 0 New SweepJob MPI Process on rank [0] with planned 24 threads, ctx 4 
c 0.340 0 <SWEEP> SWEEP JOB SweepJob appl_start() STARTED: Rank 0, Index 0, ContextId 4, is root? 1, Parent-Rank 0, Parent-Index 0, threads=24, NumVars 75159, NumClauses 323392
c 0.340 0 SWEEP JOB SweepJob appl_start() STARTED: Rank 0, Index 0, ContextId 4, is root? 1, Parent-Rank 0, Parent-Index 0, threads=24, NumVars 75159, NumClauses 323392
c 0.345 3 <SWEEP> New SweepJob MPI Process on rank [3] with planned 24 threads, ctx 7 
c 0.345 3 New SweepJob MPI Process on rank [3] with planned 24 threads, ctx 7 
c 0.375 1 <SWEEP> New SweepJob MPI Process on rank [1] with planned 24 threads, ctx 5 
c 0.375 1 New SweepJob MPI Process on rank [1] with planned 24 threads, ctx 5 
c 0.352 3 <SWEEP> SWEEP JOB SweepJob appl_start() STARTED: Rank 3, Index 1, ContextId 7, is root? 0, Parent-Rank 0, Parent-Index 0, threads=24, NumVars 75159, NumClauses 323392
c 0.352 3 SWEEP JOB SweepJob appl_start() STARTED: Rank 3, Index 1, ContextId 7, is root? 0, Parent-Rank 0, Parent-Index 0, threads=24, NumVars 75159, NumClauses 323392
c 0.352 2 <SWEEP> New SweepJob MPI Process on rank [2] with planned 24 threads, ctx 6 
c 0.352 2 New SweepJob MPI Process on rank [2] with planned 24 threads, ctx 6 
c 0.390 1 <SWEEP> SWEEP JOB SweepJob appl_start() STARTED: Rank 1, Index 2, ContextId 5, is root? 0, Parent-Rank 0, Parent-Index 0, threads=24, NumVars 75159, NumClauses 323392
c 0.390 1 SWEEP JOB SweepJob appl_start() STARTED: Rank 1, Index 2, ContextId 5, is root? 0, Parent-Rank 0, Parent-Index 0, threads=24, NumVars 75159, NumClauses 323392
c 0.398 2 <SWEEP> SWEEP JOB SweepJob appl_start() STARTED: Rank 2, Index 3, ContextId 6, is root? 0, Parent-Rank 3, Parent-Index 1, threads=24, NumVars 75159, NumClauses 323392
c 0.398 2 SWEEP JOB SweepJob appl_start() STARTED: Rank 2, Index 3, ContextId 6, is root? 0, Parent-Rank 3, Parent-Index 1, threads=24, NumVars 75159, NumClauses 323392
c 0.438 0 [WARN] #514:0 job tree has size 1/4
c 0.864 0 <SWEEP> [0](root-trf) ITERATION 1/9999999 STARTED 
c 1.201 0 sysstate busyratio=1.000 cmtdratio=0.000 jobs=1 globmem=0.00GB newreqs=3 hops=3
c 1.201 0 sysstate entered=2 parsed=2 scheduled=2 processed=0 successful=0
c 1.832 0 <SWEEP> SWEEP [0](root-trf): SHORT_SUCCESSFULL_ITERATION  
c 1.832 0 <SWEEP> [0](root-trf) ITERATION 1/9999999 shared: 75 EQS, 0 UNITS  
c 1.903 0 <SWEEP> [0](root-trf) ITERATION 2/9999999 STARTED 
c 2.201 0 sysstate busyratio=1.000 cmtdratio=0.000 jobs=1 globmem=6.43GB newreqs=0 hops=0
c 2.201 0 sysstate entered=2 parsed=2 scheduled=2 processed=0 successful=0
c 3.201 0 sysstate busyratio=1.000 cmtdratio=0.000 jobs=1 globmem=6.30GB newreqs=0 hops=0
c 3.201 0 sysstate entered=2 parsed=2 scheduled=2 processed=0 successful=0
c 3.822 0 <SWEEP> [0](root-trf) ITERATION 2/9999999 shared: 46 EQS, 0 UNITS  
c 3.893 0 <SWEEP> [0](root-trf) ITERATION 3/9999999 STARTED 
c 4.202 0 sysstate busyratio=1.000 cmtdratio=0.000 jobs=1 globmem=6.30GB newreqs=0 hops=0
c 4.202 0 sysstate entered=2 parsed=2 scheduled=2 processed=0 successful=0
c 5.202 0 sysstate busyratio=1.000 cmtdratio=0.000 jobs=1 globmem=6.13GB newreqs=0 hops=0
c 5.202 0 sysstate entered=2 parsed=2 scheduled=2 processed=0 successful=0
c 5.911 0 <SWEEP> [0](root-trf) ITERATION 3/9999999 shared: 62 EQS, 0 UNITS  
c 5.982 0 <SWEEP> [0](root-trf) ITERATION 4/9999999 STARTED 
c 6.202 0 sysstate busyratio=1.000 cmtdratio=0.000 jobs=1 globmem=6.12GB newreqs=0 hops=0
c 6.203 0 sysstate entered=2 parsed=2 scheduled=2 processed=0 successful=0
c 7.203 0 sysstate busyratio=1.000 cmtdratio=0.000 jobs=1 globmem=5.32GB newreqs=0 hops=0
c 7.203 0 sysstate entered=2 parsed=2 scheduled=2 processed=0 successful=0
c 8.049 0 <SWEEP> [0](root-trf) ITERATION 4/9999999 shared: 140 EQS, 0 UNITS  
c 8.120 0 <SWEEP> [0](root-trf) ITERATION 5/9999999 STARTED 
c 8.203 0 sysstate busyratio=1.000 cmtdratio=0.000 jobs=1 globmem=5.34GB newreqs=0 hops=0
c 8.204 0 sysstate entered=2 parsed=2 scheduled=2 processed=0 successful=0
c 9.204 0 sysstate busyratio=1.000 cmtdratio=0.000 jobs=1 globmem=5.24GB newreqs=0 hops=0
c 9.204 0 sysstate entered=2 parsed=2 scheduled=2 processed=0 successful=0
c 10.205 0 sysstate busyratio=1.000 cmtdratio=0.000 jobs=1 globmem=5.46GB newreqs=0 hops=0
c 10.205 0 sysstate entered=2 parsed=2 scheduled=2 processed=0 successful=0
c 10.491 0 <SWEEP> [0](root-trf) ITERATION 5/9999999 shared: 226 EQS, 0 UNITS  
c 10.551 0 <SWEEP> [0](root-trf) ITERATION 6/9999999 STARTED 
c 11.205 0 sysstate busyratio=1.000 cmtdratio=0.000 jobs=1 globmem=5.55GB newreqs=0 hops=0
c 11.205 0 sysstate entered=2 parsed=2 scheduled=2 processed=0 successful=0
c 12.205 0 sysstate busyratio=1.000 cmtdratio=0.000 jobs=1 globmem=6.06GB newreqs=0 hops=0
c 12.205 0 sysstate entered=2 parsed=2 scheduled=2 processed=0 successful=0
c 13.074 0 <SWEEP> [0](root-trf) ITERATION 6/9999999 shared: 197 EQS, 0 UNITS  
c 13.128 0 <SWEEP> [0](root-trf) ITERATION 7/9999999 STARTED 
c 13.206 0 sysstate busyratio=1.000 cmtdratio=0.000 jobs=1 globmem=6.25GB newreqs=0 hops=0
c 13.206 0 sysstate entered=2 parsed=2 scheduled=2 processed=0 successful=0
c 14.206 0 sysstate busyratio=1.000 cmtdratio=0.000 jobs=1 globmem=6.44GB newreqs=0 hops=0
c 14.206 0 sysstate entered=2 parsed=2 scheduled=2 processed=0 successful=0
c 15.207 0 sysstate busyratio=1.000 cmtdratio=0.000 jobs=1 globmem=6.65GB newreqs=0 hops=0
c 15.207 0 sysstate entered=2 parsed=2 scheduled=2 processed=0 successful=0
c 15.699 0 <SWEEP> [0](root-trf) ITERATION 7/9999999 shared: 102 EQS, 0 UNITS  
c 15.762 0 <SWEEP> [0](root-trf) ITERATION 8/9999999 STARTED 
c 16.207 0 sysstate busyratio=1.000 cmtdratio=0.000 jobs=1 globmem=6.82GB newreqs=0 hops=0
c 16.207 0 sysstate entered=2 parsed=2 scheduled=2 processed=0 successful=0
c 17.208 0 sysstate busyratio=1.000 cmtdratio=0.000 jobs=1 globmem=6.99GB newreqs=0 hops=0
c 17.208 0 sysstate entered=2 parsed=2 scheduled=2 processed=0 successful=0
c 17.627 0 <SWEEP> [0](root-trf) ITERATION 8/9999999 shared: 0 EQS, 0 UNITS  
c 17.687 0 <SWEEP> [0](root-trf) ITERATION 9/9999999 STARTED 
c 18.208 0 sysstate busyratio=1.000 cmtdratio=0.000 jobs=1 globmem=7.17GB newreqs=0 hops=0
c 18.208 0 sysstate entered=2 parsed=2 scheduled=2 processed=0 successful=0
c 19.208 0 sysstate busyratio=1.000 cmtdratio=0.000 jobs=1 globmem=7.46GB newreqs=0 hops=0
c 19.208 0 sysstate entered=2 parsed=2 scheduled=2 processed=0 successful=0
c 19.554 0 <SWEEP> [0](root-trf) ITERATION 9/9999999 shared: 0 EQS, 0 UNITS  
c 19.627 0 <SWEEP> [0](root-trf) ITERATION 10/9999999 STARTED 
c 20.209 0 sysstate busyratio=1.000 cmtdratio=0.000 jobs=1 globmem=7.70GB newreqs=0 hops=0
c 20.209 0 sysstate entered=2 parsed=2 scheduled=2 processed=0 successful=0
c 21.209 0 sysstate busyratio=1.000 cmtdratio=0.000 jobs=1 globmem=7.72GB newreqs=0 hops=0
c 21.209 0 sysstate entered=2 parsed=2 scheduled=2 processed=0 successful=0
c 21.482 0 <SWEEP> [0](root-trf) ITERATION 10/9999999 shared: 0 EQS, 0 UNITS  
c 21.533 0 <SWEEP> [0](root-trf) ITERATION 11/9999999 STARTED 
c 22.210 0 sysstate busyratio=1.000 cmtdratio=0.000 jobs=1 globmem=7.90GB newreqs=0 hops=0
c 22.210 0 sysstate entered=2 parsed=2 scheduled=2 processed=0 successful=0
c 23.210 0 sysstate busyratio=1.000 cmtdratio=0.000 jobs=1 globmem=7.98GB newreqs=0 hops=0
c 23.210 0 sysstate entered=2 parsed=2 scheduled=2 processed=0 successful=0
c 23.399 0 <SWEEP> [0](root-trf) TERMINATE (due to TOO_MANY_WEAK_ITERATIONS) due to 4 th weak iteration (limit: 3) 
c 23.399 0 <SWEEP> [0](root-trf) ITERATION 11/9999999 shared: 0 EQS, 0 UNITS  
c 23.416 0 SWEEP [root](0) first to report dimacs result
c 23.416 0 SWEEP dimacs formula is acceptable bc. different from original
c 23.416 0 SWEEP dimacs simplification: (75159 --> 75159 vars) (323392 --> 256914 clauses) 
c 23.431 0 <SWEEP> SWEEP JOB [0]: Solution SIMPLIFIED
c 23.431 0 SweepResult units:   0 ints
c 23.431 0 SweepResult equivs:  1696 ints
c 23.431 0 SweepResult 'extend': 27708 bytes 
c 23.431 0 SweepResult 'import': 601280 bytes 
c 23.431 0 SweepResult 'eliminated': 2309 bytes 
c 23.431 0 SweepResult 'values': 150318 bytes 
c 23.435 0 <SWEEP> SWEEP_RESULT_CODE 40 == SIMPLIFIED 
c 23.435 0 SWEEP_RESULT_CODE 40 == SIMPLIFIED 
c 23.439 0 <SWEEP> SWEEP: mainthread now reporting to Mallob: result 40 
c 23.439 0 SWEEP: mainthread now reporting to Mallob: result 40 
c 23.450 0 RESPONSE_TIME #514 23.143929 rev. 0
c 23.450 0 SOLUTION #514 SIMPLIFIED rev. 0
c 23.461 0 <SWEEP> SWEEP JOB DESTRUCTOR DONE ctx 4
c 23.461 0 SWEEP JOB DESTRUCTOR DONE ctx 4
c 23.439 3 <SWEEP> SWEEP JOB DESTRUCTOR DONE ctx 7
c 23.439 3 SWEEP JOB DESTRUCTOR DONE ctx 7
c 23.472 1 <SWEEP> SWEEP JOB DESTRUCTOR DONE ctx 5
c 23.472 1 SWEEP JOB DESTRUCTOR DONE ctx 5
c 23.472 0 Reading sweepresults from /hppfs/scratch/0D/di97lib/tmp/chainSS-401-sat23-n2-test-5904319/tmp/2/sweepresults-933705547
c 23.473 0 SweepResult units:   0 ints
c 23.473 0 SweepResult equivs:  1696 ints
c 23.473 0 SweepResult 'extend': 27708 bytes 
c 23.473 0 SweepResult 'import': 601280 bytes 
c 23.473 0 SweepResult 'eliminated': 2309 bytes 
c 23.473 0 SweepResult 'values': 150318 bytes 
c 23.447 2 <SWEEP> SWEEP JOB DESTRUCTOR DONE ctx 6
c 23.447 2 SWEEP JOB DESTRUCTOR DONE ctx 6
c 23.481 0 [WARN] SATWP couldn't properly clean up (delete) temporary Sweep directory /hppfs/scratch/0D/di97lib/tmp/chainSS-401-sat23-n2-test-5904319/tmp/2/sweepresults-933705547
c 23.481 0 SATWP sweep:0:MallobSweep done, result SIMPLIFIED
c 23.483 0 SATWP launch mal:1:MallobSat
c 23.507 0 Introducing job #515 rev. 0 : r.#515:0 rev. 0 <- [0] born=23.507 hops=0 epoch=-1 matchId=-1 => [0]
c 23.545 0 [WARN] #515:0 job tree has size 1/4
c 24.211 0 sysstate busyratio=1.000 cmtdratio=0.000 jobs=1 globmem=8.18GB newreqs=3 hops=3
c 24.211 0 sysstate entered=3 parsed=3 scheduled=3 processed=1 successful=1
c 24.507 2 #515:1 rev. 0 : found result SAT => [0]
c 24.536 0 <#515> END pps:87232316 dcs:3116755 cfs:45736 rst:3883 prod:33681 (flt:2766 adm:29546 drp:1364) recv:117504 (flt:3302 digd:114202 drp:0) + intim:0/0
c 24.536 0 <#515> END exp:4025/4025 drp:0(0.000000) pflt:0 sflt:0
c 24.536 0 <#515> clenhist prod total:33695 0 112 555 197 2110 2761 2614 1878 1707 2268 2318 1880 1093 923 739 717 662 511 545 549 455 456 465 373 353 322 273 281 300 296 307 269 303 263 240 225 213 244 209 235 237 171 178 197 210 244 196 193 152 221 150 146 164 144 152 144 147 149 159 120
c 24.536 0 <#515> clenhist flfl total:2766 0 33 61 21 394 349 306 166 94 245 302 250 51 63 49 44 29 13 29 18 16 32 47 19 24 10 10 0 10 17 15 6 3 12 0 0 0 3 0 3 3 0 6 3 3 0 0 0 0 3 3 0 1
c 24.536 0 <#515> clenhist admt total:29554 0 78 482 170 1694 2380 2281 1692 1586 1989 1990 1606 1014 805 650 637 590 471 482 475 402 396 377 322 294 285 251 239 260 236 251 237 270 235 227 213 199 206 188 211 215 157 157 180 189 225 182 180 136 204 140 136 152 136 141 131 131 132 147 112
c 24.536 0 <#515> clenhist drpd total:1371 0 1 12 6 22 32 27 21 27 34 26 24 28 55 38 36 43 27 34 56 37 28 41 32 35 27 12 42 30 43 41 26 30 16 13 12 14 35 21 21 19 14 14 14 18 19 14 13 16 14 7 9 11 8 10 13 16 17 12 8
c 24.536 0 <#515> clenhist retd total:292 0 0 0 0 0 0 0 0 0 0 0 0 0 0 48 58 64 28 30 13 9 8 6 4 9 4 5 4 2
c 24.508 2 <#515> END pps:81410356 dcs:2843669 cfs:41004 rst:3635 prod:31328 (flt:537 adm:29824 drp:959) recv:117504 (flt:1385 digd:116119 drp:0) + intim:0/0
c 24.508 2 <#515> END exp:3868/3868 drp:0(0.000000) pflt:0 sflt:0
c 24.508 2 <#515> clenhist prod total:31331 0 73 553 178 2017 2592 2409 1780 1594 2281 2186 1650 1219 894 778 732 779 662 662 502 447 487 418 307 356 381 294 235 243 239 234 214 257 214 189 183 193 208 226 140 181 168 200 140 130 127 118 119 93 97 88 82 85 67 72 135 139 93 81 110
c 24.508 2 <#515> clenhist flfl total:537 0 1 33 20 132 65 33 17 12 18 22 76 19 16 7 12 1 0 3 9 2 11 17 2 4 1 1 0 2 1
c 24.508 2 <#515> clenhist admt total:29828 0 71 508 156 1856 2484 2347 1742 1561 2228 2132 1554 1143 813 734 684 738 635 622 467 430 449 389 296 336 361 273 226 231 215 224 199 250 206 176 172 184 195 207 131 178 162 191 132 128 117 113 113 91 86 84 79 80 62 66 127 127 85 78 104
c 24.508 2 <#515> clenhist drpd total:961 0 0 12 2 29 43 30 21 21 36 32 20 57 65 36 34 40 27 36 26 15 27 12 8 16 19 20 9 11 23 10 15 7 8 13 11 9 13 19 9 3 6 7 8 2 10 5 6 2 11 4 3 5 5 6 8 12 8 3 6
c 24.508 2 <#515> clenhist retd total:32 0 0 0 0 0 0 0 0 0 0 0 0 0 0 0 0 0 0 0 12 9 9 2
c 24.510 3 <#515> END pps:85359038 dcs:3002258 cfs:36661 rst:3929 prod:26954 (flt:385 adm:25658 drp:909) recv:117504 (flt:1267 digd:116237 drp:0) + intim:0/0
c 24.510 3 <#515> END exp:3844/3844 drp:0(0.000000) pflt:0 sflt:0
c 24.510 3 <#515> clenhist prod total:26973 0 77 546 191 1905 2411 2256 1685 1470 1968 1961 1516 1056 800 714 634 583 497 467 400 323 333 300 271 276 277 244 209 206 167 180 169 200 168 125 117 107 123 141 118 115 114 93 112 114 111 103 81 88 74 73 86 100 116 110 84 45 60 50 53
c 24.510 3 <#515> clenhist flfl total:385 0 4 27 23 135 49 13 13 6 5 13 38 8 11 8 3 5 2 0 4 2 4 9 0 3
c 24.510 3 <#515> clenhist admt total:25664 0 72 513 165 1748 2333 2222 1654 1449 1940 1932 1453 1026 747 648 587 542 465 444 356 300 313 278 260 261 253 225 184 191 153 167 162 189 158 124 106 100 118 123 101 104 105 87 98 107 87 75 75 82 69 66 73 90 114 103 80 38 54 44 51
c 24.510 3 <#515> clenhist drpd total:923 0 1 6 3 22 29 21 18 15 23 16 25 22 42 58 44 36 30 23 40 21 16 13 11 12 24 19 24 15 14 13 7 11 10 1 11 7 5 18 17 11 9 6 15 7 24 28 6 6 5 7 13 9 2 7 4 7 6 6 2
c 24.538 1 <#515> END pps:88431670 dcs:3108045 cfs:41730 rst:3980 prod:31376 (flt:331 adm:30078 drp:966) recv:117504 (flt:1509 digd:115995 drp:0) + intim:0/0
c 24.538 1 <#515> END exp:3984/3984 drp:0(0.000000) pflt:0 sflt:0
c 24.538 1 <#515> clenhist prod total:31383 0 85 565 162 2039 2693 2491 1914 1706 2048 2101 1722 1096 919 722 683 660 544 486 477 488 371 407 344 305 335 299 241 266 265 242 232 277 236 221 197 224 174 140 125 159 169 182 186 181 142 174 129 154 135 164 141 131 118 120 124 121 123 105 123
c 24.538 1 <#515> clenhist flfl total:331 0 8 26 16 107 40 20 19 5 4 4 42 9 9 0 3 0 0 1 5 0 5 8
c 24.538 1 <#515> clenhist admt total:30081 0 75 531 146 1913 2619 2434 1873 1675 2019 2066 1650 1040 858 681 636 626 518 470 453 464 356 383 330 294 325 287 227 251 214 232 218 266 216 215 191 218 166 134 122 154 156 165 174 163 133 170 128 149 130 160 139 129 110 107 103 77 119 104 119
c 24.538 1 <#515> clenhist drpd total:971 0 2 8 0 19 34 37 22 26 25 31 30 47 52 41 44 34 26 15 19 24 10 16 14 11 10 12 14 15 51 10 14 11 20 6 6 6 8 6 3 5 13 17 12 18 9 4 1 5 5 4 2 2 8 13 21 44 4 1 4
c 24.537 0 RESPONSE_TIME #515 1.051733 rev. 0
c 24.537 0 SOLUTION #515 SATISFIABLE rev. 0
c 24.540 0 SATWP mal:1:MallobSat done, result SAT
c 24.541 0 SATWP mal:1:MallobSat found SAT
c 24.544 0 SATWP Checked model @ mal:1:MallobSat, size 75159
c 24.552 0 SATWP Reconstructed model @ sweep:0:MallobSweep, size 75159
c 24.555 0 SATWP Checked model @ sweep:0:MallobSweep
c 24.556 0 SATWP RES ~10~
c 24.566 0 RESPONSE_TIME #513 24.393993 rev. 0
c 24.566 0 SOLUTION #513 SATISFIABLE rev. 0
s SATISFIABLE
c 24.568 0 Mono job done
c 24.740 2 c 24.767 0 c 24.741 3 Exiting happily
Exiting happily
Exiting happily
c 24.770 1 Exiting happily
Options -binding/-bind-to/-map-by/-membind are not supported and will be ignored.
	Please refer I_MPI_PIN environment variables family.
[proxy:0:0@i01r01c01s01] HYD_spawn (../../../../../src/pm/i_hydra/libhydra/spawn/intel/hydra_spawn.c:177): execvp error on file scripts/slurm/epilogNew.sh (Permission denied)
[proxy:0:0@i01r01c01s01] HYD_spawn (../../../../../src/pm/i_hydra/libhydra/spawn/intel/hydra_spawn.c:177): execvp error on file scripts/slurm/epilogNew.sh (Permission denied)
Thu Oct  1 17:43:03 CEST 2026 JOB 2 FINISHED
logdir: /hppfs/scratch/0D/di97lib/tmp/chainSS-401-sat23-n2-test-5904319/3 , localtmp: /hppfs/scratch/0D/di97lib/tmp/chainSS-401-sat23-n2-test-5904319/tmp/3 , output: /hppfs/work/pn72pu/di97lib/logs/chainSS-401-sat23-n2-test-5904319
 
 
Thu Oct  1 17:43:06 CEST 2026
jobname:  chainSS-401-sat23-n2-test
index:    3
logdir:   /hppfs/scratch/0D/di97lib/tmp/chainSS-401-sat23-n2-test-5904319/3
localtmp: /hppfs/scratch/0D/di97lib/tmp/chainSS-401-sat23-n2-test-5904319/tmp/3
output:   /hppfs/work/pn72pu/di97lib/logs/chainSS-401-sat23-n2-test-5904319
instance: /hppfs/work/pn72pu/di97lib/instances/sat23_uncompressed/cnfs/8d31ec9edeac705ffd1b23f0cc4f3256-ContextModel_output_7_3_9.bul_.dimacs.cnf
 
/hppfs/work/pn72pu/di97lib/instances/sat23_uncompressed/cnfs/8d31ec9edeac705ffd1b23f0cc4f3256-ContextModel_output_7_3_9.bul_.dimacs.cnf -> /hppfs/scratch/0D/di97lib/tmp/chainSS-401-sat23-n2-test-5904319/3
Thu Oct  1 17:43:06 CEST 2026 JOB 3 LAUNCHING
mpiexec -n 4 --bind-to core --map-by numa -genvall build/mallob -mono-app=SATWITHPRE -preprocess-config=config/satwithpre/actors_sweepfirst.json -satsolver=k -mono=/hppfs/work/pn72pu/di97lib/instances/sat23_uncompressed/cnfs/8d31ec9edeac705ffd1b23f0cc4f3256-ContextModel_output_7_3_9.bul_.dimacs.cnf -jwl=30 -T=60 -wam=60000 -pre-cleanup=1 -log=/hppfs/scratch/0D/di97lib/tmp/chainSS-401-sat23-n2-test-5904319/3 -tmp=/hppfs/scratch/0D/di97lib/tmp/chainSS-401-sat23-n2-test-5904319/tmp/3 -comment-outputlogdir=/hppfs/work/pn72pu/di97lib/logs/chainSS-401-sat23-n2-test-5904319 -sro=/hppfs/scratch/0D/di97lib/tmp/chainSS-401-sat23-n2-test-5904319/3/processed-jobs.out -trace-dir=/hppfs/scratch/0D/di97lib/tmp/chainSS-401-sat23-n2-test-5904319/3/ -rpa=1 -pph=2 -mlpt=50000000 -t=24 -isp=0 -cfci=30 -rlbd=0 -ilbd=1 -q=0 -os=1 -cm=0 -rspaa=1 -jcup=0.1 -v=2 -sweep-solver-verbosity=0 -cjc=1 -cjtcp=0 -fcll=2 -seed=0 -sweep-skip-ratio=0.001 -sweep-skip-window=2.0 -sweep-max-bad-iters=3 -spd=/hppfs/scratch/0D/di97lib/tmp/chainSS-401-sat23-n2-test-5904319/3/ -spl=-1
Options -binding/-bind-to/-map-by/-membind are not supported and will be ignored.
	Please refer I_MPI_PIN environment variables family.
PROLOG: /hppfs/scratch/0D/di97lib/tmp/chainSS-401-sat23-n2-test-5904319/3 /hppfs/scratch/0D/di97lib/tmp/chainSS-401-sat23-n2-test-5904319/tmp/3
PROLOG: /hppfs/scratch/0D/di97lib/tmp/chainSS-401-sat23-n2-test-5904319/3 /hppfs/scratch/0D/di97lib/tmp/chainSS-401-sat23-n2-test-5904319/tmp/3
PROLOG: /hppfs/scratch/0D/di97lib/tmp/chainSS-401-sat23-n2-test-5904319/3 /hppfs/scratch/0D/di97lib/tmp/chainSS-401-sat23-n2-test-5904319/tmp/3
PROLOG: /hppfs/scratch/0D/di97lib/tmp/chainSS-401-sat23-n2-test-5904319/3 /hppfs/scratch/0D/di97lib/tmp/chainSS-401-sat23-n2-test-5904319/tmp/3
c 0.006 2 Cleaning up pre-execution
c 0.007 3 Cleaning up pre-execution
c 
c Mallob - Malleable Load Balancer - Massively Parallel Logic Backend
c 
c Core system:
c (C) 2018-2026 Dominik Schreiber, Karlsruhe Institute of Technology
c (C) 2025-2026 Niccolò Rigi-Luperti, Karlsruhe Institute of Technology
c 
c Application module SAT: by Dominik Schreiber and Niccolò Rigi-Luperti
c Featuring Lingeling and YalSAT by Armin Biere
c Featuring Kissat by Armin Biere
c Featuring CaDiCaL by Armin Biere, Mathias Fleury, Katalin Fazekas, Florian Pollitt, Tobias Faller, and Nils Froleyks
c Featuring Minisat by Niklas Een and Niklas Sörensson
c 
c Application module SATWITHPRE: 
c Featuring Satsuma by Markus Anders
c Featuring interface and proof production code by Anna Görth
c 
c Application module SWEEP: by Dominik Schreiber and Niccolò Rigi-Luperti
c 
c 0.007 0 Program options: -0o=0 -J=0 -SJ=0 -T=60 -adc=0 -aim=1 -ajpc=0 -ans=0 -apidir=.api -ba=4 -bem=1 -bicg=4 -br=0 -c=1 -cbbs=0 -cblm=1 -cblp=100000 -cdel=2 -cecpm=0 -cf=0 -cfci=30 -cfm=3 -cg=1 -ch=0 -checksums=0 -cjc=1 -cjtcp=0 -client-app-threads=1 -cm=0 -cmp=0 -colors=0 -compact-proof=0 -cpshm=0 -csa=1 -csm=3 -cusv=1 -dc=0 -decpm=0 -delaymonkey=0 -div-phases=1 -div-seeds=1 -dpa=1 -ds=0 -evpt=500 -evu=0 -extmem-disk-dir=.disk -fapii=0 -fcll=2 -fitp=0 -g=0 -gclls=0 -h=0 -huca=0 -iff=0 -ilbd=1 -inotify=1 -interface-fs=0 -interface-ipc=0 -ipm=1 -ivdh=0 -jc=4 -jcl=0 -jcup=0.1 -jjp=0 -js=0 -jwl=30 -l=1 -latencymonkey=0 -lbdpi=0 -lbdpo=0 -ljpc=32 -log=/hppfs/scratch/0D/di97lib/tmp/chainSS-401-sat23-n2-test-5904319/3 -mbt=8388608 -mcips=10 -md=0 -mempanic=1 -mjps=0 -mlbdps=2 -mlpt=50000000 -mmpi=0 -mono=/hppfs/work/pn72pu/di97lib/instances/sat23_uncompressed/cnfs/8d31ec9edeac705ffd1b23f0cc4f3256-ContextModel_output_7_3_9.bul_.dimacs.cnf -mono-app=SATWITHPRE -mono-incs=0 -mscf=5 -nec=10 -no-import=0 -os=1 -otfc=0 -otfci=0 -otfcm=1 -p=0.1 -palrup=0 -palrup-binary=1 -palrup-check=0 -pb=1 -pbbm=0 -pcm=0 -pef=1 -pjp=9999999 -pph=2 -pre-cleanup=1 -prepro-proofs=0 -preprocess-config=config/satwithpre/actors_sweepfirst.json -preprocess-sweepnsat=0 -prisma=0 -proof-debugging=0 -ps=0 -psp=1 -q=0 -qcll=60 -qlbdl=60 -randlbd=0 -replay=0 -rlbd=0 -rpa=1 -rs=1 -rspaa=1 -s=0.5 -sat-config-dirs=config/sat/base -satsolver=k -scll=60 -scramble-lbds=0 -scsd=0 -seed=0 -sjd=0 -slbdl=60 -sleep=100 -spd=/hppfs/scratch/0D/di97lib/tmp/chainSS-401-sat23-n2-test-5904319/3/ -spl=-1 -sro=/hppfs/scratch/0D/di97lib/tmp/chainSS-401-sat23-n2-test-5904319/3/processed-jobs.out -sswl=0 -swic=1 -swmd=9999999 -swmi=9999999 -swmp=1000000 -swmpay=100000000 -swmwi=3 -swqt=1 -swrc=0 -swsk=1 -swskr=0.001 -swskw=2 -swslw=0 -swsp=0.05 -swsw=1 -swtws=0 -swvrb=0 -swxr=1 -swxs=1 -t=24 -terminate-abruptly=0 -tmp=/hppfs/scratch/0D/di97lib/tmp/chainSS-401-sat23-n2-test-5904319/tmp/3 -trace-dir=/hppfs/scratch/0D/di97lib/tmp/chainSS-401-sat23-n2-test-5904319/3/ -uninvert-proof=1 -v=2 -w=-1 -wam=60000 -warmup=0 -watchdog=1 -y=1 -yield=0 
c 0.007 0 Cleaning up pre-execution
c 0.010 1 Cleaning up pre-execution
c 0.253 2 [WARN] Num bounce alternatives must be at most half the number of workers!
c 0.253 2 [WARN] Falling back to safe value r=2.
c 0.139 1 [WARN] Num bounce alternatives must be at most half the number of workers!
c 0.139 1 [WARN] Falling back to safe value r=2.
c 0.254 3 [WARN] Num bounce alternatives must be at most half the number of workers!
c 0.254 3 [WARN] Falling back to safe value r=2.
c 0.137 0 [WARN] Num bounce alternatives must be at most half the number of workers!
c 0.137 0 [WARN] Falling back to safe value r=2.
c 0.138 0 Set up API connector
c 0.258 3 Machine color 1 with 2 total workers (my rank: 1)
c 0.143 1 Machine color 0 with 2 total workers (my rank: 1)
c 0.142 0 Machine color 0 with 2 total workers (my rank: 0)
c 0.142 0 Assuming application "SATWITHPRE" for mono job
c 0.142 0 Submit mono job (increment) {"application":"SATWITHPRE","description-id":"mono-job-desc-0","files":["/hppfs/work/pn72pu/di97lib/instances/sat23_uncompressed/cnfs/8d31ec9edeac705ffd1b23f0cc4f3256-ContextModel_output_7_3_9.bul_.dimacs.cnf"],"group-id":"1","incremental":false,"name":"mono-job-0","priority":1.0,"user":"admin","wallclock-limit":"30.000000s"}
c 0.259 2 Machine color 1 with 2 total workers (my rank: 0)
c 0.177 0 SATWP launch sweep:0:MallobSweep
c 0.178 0 SATWP Sweep setting json['sweepresult-dir']=/hppfs/scratch/0D/di97lib/tmp/chainSS-401-sat23-n2-test-5904319/tmp/3/sweepresults-127440385
c 0.185 0 Introducing job #517 rev. 0 : r.#517:0 rev. 0 <- [0] born=0.185 hops=0 epoch=-1 matchId=-1 => [0]
c 0.193 0 <SWEEP> New SweepJob MPI Process on rank [0] with planned 24 threads, ctx 4 
c 0.193 0 New SweepJob MPI Process on rank [0] with planned 24 threads, ctx 4 
c 0.193 0 <SWEEP> SWEEP JOB SweepJob appl_start() STARTED: Rank 0, Index 0, ContextId 4, is root? 1, Parent-Rank 0, Parent-Index 0, threads=24, NumVars 13797, NumClauses 78642
c 0.193 0 SWEEP JOB SweepJob appl_start() STARTED: Rank 0, Index 0, ContextId 4, is root? 1, Parent-Rank 0, Parent-Index 0, threads=24, NumVars 13797, NumClauses 78642
c 0.342 2 <SWEEP> New SweepJob MPI Process on rank [2] with planned 24 threads, ctx 6 
c 0.342 2 New SweepJob MPI Process on rank [2] with planned 24 threads, ctx 6 
c 0.228 1 <SWEEP> New SweepJob MPI Process on rank [1] with planned 24 threads, ctx 5 
c 0.228 1 New SweepJob MPI Process on rank [1] with planned 24 threads, ctx 5 
c 0.235 1 <SWEEP> SWEEP JOB SweepJob appl_start() STARTED: Rank 1, Index 2, ContextId 5, is root? 0, Parent-Rank 0, Parent-Index 0, threads=24, NumVars 13797, NumClauses 78642
c 0.235 1 SWEEP JOB SweepJob appl_start() STARTED: Rank 1, Index 2, ContextId 5, is root? 0, Parent-Rank 0, Parent-Index 0, threads=24, NumVars 13797, NumClauses 78642
c 0.350 2 <SWEEP> SWEEP JOB SweepJob appl_start() STARTED: Rank 2, Index 1, ContextId 6, is root? 0, Parent-Rank 0, Parent-Index 0, threads=24, NumVars 13797, NumClauses 78642
c 0.350 2 SWEEP JOB SweepJob appl_start() STARTED: Rank 2, Index 1, ContextId 6, is root? 0, Parent-Rank 0, Parent-Index 0, threads=24, NumVars 13797, NumClauses 78642
c 0.251 0 [WARN] #517:0 job tree has size 1/4
c 0.251 0 [WARN] #517:0 job tree has size 3/4
c 0.377 3 <SWEEP> New SweepJob MPI Process on rank [3] with planned 24 threads, ctx 7 
c 0.377 3 New SweepJob MPI Process on rank [3] with planned 24 threads, ctx 7 
c 0.394 3 <SWEEP> SWEEP JOB SweepJob appl_start() STARTED: Rank 3, Index 3, ContextId 7, is root? 0, Parent-Rank 2, Parent-Index 1, threads=24, NumVars 13797, NumClauses 78642
c 0.394 3 SWEEP JOB SweepJob appl_start() STARTED: Rank 3, Index 3, ContextId 7, is root? 0, Parent-Rank 2, Parent-Index 1, threads=24, NumVars 13797, NumClauses 78642
c 0.332 0 <SWEEP> [0](root-trf) ITERATION 1/9999999 STARTED 
c 0.351 0 [WARN] #517:0 job tree has size 3/4
c 0.594 0 <SWEEP> SWEEP [0](root-trf): SHORT_SUCCESSFULL_ITERATION  
c 0.594 0 <SWEEP> [0](root-trf) ITERATION 1/9999999 shared: 1744 EQS, 815 UNITS  
c 0.644 0 <SWEEP> [0](root-trf) ITERATION 2/9999999 STARTED 
c 1.099 0 <SWEEP> SWEEP [0](root-trf): SHORT_SUCCESSFULL_ITERATION  
c 1.099 0 <SWEEP> [0](root-trf) ITERATION 2/9999999 shared: 37 EQS, 0 UNITS  
c 1.149 0 <SWEEP> [0](root-trf) ITERATION 3/9999999 STARTED 
c 1.218 0 sysstate busyratio=1.000 cmtdratio=0.000 jobs=1 globmem=0.00GB newreqs=3 hops=2
c 1.218 0 sysstate entered=2 parsed=2 scheduled=2 processed=0 successful=0
c 2.219 0 sysstate busyratio=1.000 cmtdratio=0.000 jobs=1 globmem=3.20GB newreqs=0 hops=0
c 2.219 0 sysstate entered=2 parsed=2 scheduled=2 processed=0 successful=0
c 2.906 0 <SWEEP> SWEEP [0](root-trf): SHORT_SUCCESSFULL_ITERATION  
c 2.906 0 <SWEEP> [0](root-trf) ITERATION 3/9999999 shared: 28 EQS, 0 UNITS  
c 2.956 0 <SWEEP> [0](root-trf) ITERATION 4/9999999 STARTED 
c 3.219 0 sysstate busyratio=1.000 cmtdratio=0.000 jobs=1 globmem=3.12GB newreqs=0 hops=0
c 3.219 0 sysstate entered=2 parsed=2 scheduled=2 processed=0 successful=0
c 4.219 0 sysstate busyratio=1.000 cmtdratio=0.000 jobs=1 globmem=3.11GB newreqs=0 hops=0
c 4.219 0 sysstate entered=2 parsed=2 scheduled=2 processed=0 successful=0
c 4.972 0 <SWEEP> [0](root-trf) ITERATION 4/9999999 shared: 2 EQS, 0 UNITS  
c 5.022 0 <SWEEP> [0](root-trf) ITERATION 5/9999999 STARTED 
c 5.220 0 sysstate busyratio=1.000 cmtdratio=0.000 jobs=1 globmem=4.64GB newreqs=0 hops=0
c 5.220 0 sysstate entered=2 parsed=2 scheduled=2 processed=0 successful=0
c 6.220 0 sysstate busyratio=1.000 cmtdratio=0.000 jobs=1 globmem=4.36GB newreqs=0 hops=0
c 6.220 0 sysstate entered=2 parsed=2 scheduled=2 processed=0 successful=0
c 6.887 0 <SWEEP> [0](root-trf) ITERATION 5/9999999 shared: 0 EQS, 0 UNITS  
c 6.938 0 <SWEEP> [0](root-trf) ITERATION 6/9999999 STARTED 
c 7.221 0 sysstate busyratio=1.000 cmtdratio=0.000 jobs=1 globmem=4.53GB newreqs=0 hops=0
c 7.221 0 sysstate entered=2 parsed=2 scheduled=2 processed=0 successful=0
c 8.221 0 sysstate busyratio=1.000 cmtdratio=0.000 jobs=1 globmem=4.33GB newreqs=0 hops=0
c 8.221 0 sysstate entered=2 parsed=2 scheduled=2 processed=0 successful=0
c 8.804 0 <SWEEP> [0](root-trf) ITERATION 6/9999999 shared: 0 EQS, 0 UNITS  
c 8.854 0 <SWEEP> [0](root-trf) ITERATION 7/9999999 STARTED 
c 9.221 0 sysstate busyratio=1.000 cmtdratio=0.000 jobs=1 globmem=3.91GB newreqs=0 hops=0
c 9.221 0 sysstate entered=2 parsed=2 scheduled=2 processed=0 successful=0
c 10.222 0 sysstate busyratio=1.000 cmtdratio=0.000 jobs=1 globmem=3.72GB newreqs=0 hops=0
c 10.222 0 sysstate entered=2 parsed=2 scheduled=2 processed=0 successful=0
c 10.720 0 <SWEEP> [0](root-trf) TERMINATE (due to TOO_MANY_WEAK_ITERATIONS) due to 4 th weak iteration (limit: 3) 
c 10.720 0 <SWEEP> [0](root-trf) ITERATION 7/9999999 shared: 0 EQS, 0 UNITS  
c 10.727 0 SWEEP [root](0) first to report dimacs result
c 10.727 0 SWEEP dimacs formula is acceptable bc. different from original
c 10.727 0 SWEEP dimacs simplification: (13797 --> 13797 vars) (78642 --> 65657 clauses) 
c 10.730 0 <SWEEP> SWEEP JOB [0]: Solution SIMPLIFIED
c 10.731 0 SweepResult units:   815 ints
c 10.731 0 SweepResult equivs:  3622 ints
c 10.731 0 SweepResult 'extend': 16956 bytes 
c 10.731 0 SweepResult 'import': 110384 bytes 
c 10.731 0 SweepResult 'eliminated': 1413 bytes 
c 10.731 0 SweepResult 'values': 27594 bytes 
c 10.736 0 <SWEEP> SWEEP_RESULT_CODE 40 == SIMPLIFIED 
c 10.736 0 SWEEP_RESULT_CODE 40 == SIMPLIFIED 
c 10.740 0 <SWEEP> SWEEP: mainthread now reporting to Mallob: result 40 
c 10.740 0 SWEEP: mainthread now reporting to Mallob: result 40 
c 10.751 0 RESPONSE_TIME #517 10.572726 rev. 0
c 10.751 0 SOLUTION #517 SIMPLIFIED rev. 0
c 10.758 1 <SWEEP> SWEEP JOB DESTRUCTOR DONE ctx 5
c 10.758 1 SWEEP JOB DESTRUCTOR DONE ctx 5
c 10.757 0 Reading sweepresults from /hppfs/scratch/0D/di97lib/tmp/chainSS-401-sat23-n2-test-5904319/tmp/3/sweepresults-127440385
c 10.876 3 <SWEEP> SWEEP JOB DESTRUCTOR DONE ctx 7
c 10.876 3 SWEEP JOB DESTRUCTOR DONE ctx 7
c 10.875 2 <SWEEP> SWEEP JOB DESTRUCTOR DONE ctx 6
c 10.876 2 SWEEP JOB DESTRUCTOR DONE ctx 6
c 10.759 0 SweepResult units:   815 ints
c 10.759 0 SweepResult equivs:  3622 ints
c 10.760 0 SweepResult 'extend': 16956 bytes 
c 10.760 0 SweepResult 'import': 110384 bytes 
c 10.760 0 SweepResult 'eliminated': 1413 bytes 
c 10.760 0 SweepResult 'values': 27594 bytes 
c 10.761 0 <SWEEP> SWEEP JOB DESTRUCTOR DONE ctx 4
c 10.761 0 SWEEP JOB DESTRUCTOR DONE ctx 4
c 10.769 0 [WARN] SATWP couldn't properly clean up (delete) temporary Sweep directory /hppfs/scratch/0D/di97lib/tmp/chainSS-401-sat23-n2-test-5904319/tmp/3/sweepresults-127440385
c 10.770 0 SATWP sweep:0:MallobSweep done, result SIMPLIFIED
c 10.771 0 SATWP launch mal:1:MallobSat
c 10.775 0 Introducing job #518 rev. 0 : r.#518:0 rev. 0 <- [0] born=10.775 hops=0 epoch=-1 matchId=-1 => [0]
c 10.798 0 [WARN] #518:0 job tree has size 1/4
c 11.222 0 sysstate busyratio=1.000 cmtdratio=0.000 jobs=1 globmem=4.14GB newreqs=3 hops=1
c 11.222 0 sysstate entered=3 parsed=3 scheduled=3 processed=1 successful=1
c 12.223 0 sysstate busyratio=1.000 cmtdratio=0.000 jobs=1 globmem=2.89GB newreqs=0 hops=0
c 12.223 0 sysstate entered=3 parsed=3 scheduled=3 processed=1 successful=1
c 13.223 0 sysstate busyratio=1.000 cmtdratio=0.000 jobs=1 globmem=3.85GB newreqs=0 hops=0
c 13.223 0 sysstate entered=3 parsed=3 scheduled=3 processed=1 successful=1
c 14.224 0 sysstate busyratio=1.000 cmtdratio=0.000 jobs=1 globmem=4.33GB newreqs=0 hops=0
c 14.224 0 sysstate entered=3 parsed=3 scheduled=3 processed=1 successful=1
c 15.224 0 sysstate busyratio=1.000 cmtdratio=0.000 jobs=1 globmem=4.11GB newreqs=0 hops=0
c 15.224 0 sysstate entered=3 parsed=3 scheduled=3 processed=1 successful=1
c 16.224 0 sysstate busyratio=1.000 cmtdratio=0.000 jobs=1 globmem=4.10GB newreqs=0 hops=0
c 16.224 0 sysstate entered=3 parsed=3 scheduled=3 processed=1 successful=1
c 17.225 0 sysstate busyratio=1.000 cmtdratio=0.000 jobs=1 globmem=4.06GB newreqs=0 hops=0
c 17.225 0 sysstate entered=3 parsed=3 scheduled=3 processed=1 successful=1
c 18.225 0 sysstate busyratio=1.000 cmtdratio=0.000 jobs=1 globmem=4.02GB newreqs=0 hops=0
c 18.225 0 sysstate entered=3 parsed=3 scheduled=3 processed=1 successful=1
c 19.225 0 sysstate busyratio=1.000 cmtdratio=0.000 jobs=1 globmem=4.07GB newreqs=0 hops=0
c 19.226 0 sysstate entered=3 parsed=3 scheduled=3 processed=1 successful=1
c 20.226 0 sysstate busyratio=1.000 cmtdratio=0.000 jobs=1 globmem=4.06GB newreqs=0 hops=0
c 20.226 0 sysstate entered=3 parsed=3 scheduled=3 processed=1 successful=1
c 21.227 0 sysstate busyratio=1.000 cmtdratio=0.000 jobs=1 globmem=4.12GB newreqs=0 hops=0
c 21.227 0 sysstate entered=3 parsed=3 scheduled=3 processed=1 successful=1
c 22.228 0 sysstate busyratio=1.000 cmtdratio=0.000 jobs=1 globmem=4.20GB newreqs=0 hops=0
c 22.228 0 sysstate entered=3 parsed=3 scheduled=3 processed=1 successful=1
c 23.228 0 sysstate busyratio=1.000 cmtdratio=0.000 jobs=1 globmem=4.27GB newreqs=0 hops=0
c 23.228 0 sysstate entered=3 parsed=3 scheduled=3 processed=1 successful=1
c 24.228 0 sysstate busyratio=1.000 cmtdratio=0.000 jobs=1 globmem=4.33GB newreqs=0 hops=0
c 24.228 0 sysstate entered=3 parsed=3 scheduled=3 processed=1 successful=1
c 25.229 0 sysstate busyratio=1.000 cmtdratio=0.000 jobs=1 globmem=4.38GB newreqs=0 hops=0
c 25.229 0 sysstate entered=3 parsed=3 scheduled=3 processed=1 successful=1
c 26.229 0 sysstate busyratio=1.000 cmtdratio=0.000 jobs=1 globmem=4.47GB newreqs=0 hops=0
c 26.229 0 sysstate entered=3 parsed=3 scheduled=3 processed=1 successful=1
c 27.229 0 sysstate busyratio=1.000 cmtdratio=0.000 jobs=1 globmem=4.43GB newreqs=0 hops=0
c 27.229 0 sysstate entered=3 parsed=3 scheduled=3 processed=1 successful=1
c 28.230 0 sysstate busyratio=1.000 cmtdratio=0.000 jobs=1 globmem=4.40GB newreqs=0 hops=0
c 28.230 0 sysstate entered=3 parsed=3 scheduled=3 processed=1 successful=1
c 29.230 0 sysstate busyratio=1.000 cmtdratio=0.000 jobs=1 globmem=4.38GB newreqs=0 hops=0
c 29.230 0 sysstate entered=3 parsed=3 scheduled=3 processed=1 successful=1
c 29.329 1 #518:1 rev. 0 : found result SAT => [0]
c 29.327 0 c 29.444 2 <#518> END pps:1154577807 dcs:38829361 cfs:2930618 rst:231905 prod:2086774 (flt:10474 adm:378830 drp:1697416) recv:6694272 (flt:84820 digd:6539692 drp:0) + intim:0/0
c 29.444 2 <#518> END exp:87256/87256 drp:0(0.000000) pflt:0 sflt:0
c 29.444 2 <#518> clenhist prod total:2086816 0 1831 8822 13544 22428 28584 31611 33943 35427 37147 44310 43837 45077 47613 48415 46484 94188 147660 103930 69829 57816 50894 47314 44653 43232 42178 41384 41529 41646 41863 40369 37881 34093 30738 28946 27460 26840 26097 25697 25149 24714 24045 23029 22422 21785 20513 20120 20036 19565 19834 20285 20688 21229 21320 21337 21564 21618 21361 20741 20153
c 29.444 2 <#518> clenhist flfl total:10474 0 541 3110 1176 1146 1184 805 347 156 87 53 31 19 32 22 10 890 821 31 4 0 1 0 0 2 0 1 0 1 0 0 1 0 0 0 0 1 0 1 0 1
c 29.444 2 <#518> clenhist admt total:378830 0 1270 5606 12244 21119 27211 26553 20164 13035 6772 6985 7113 7362 7614 7756 7688 13624 19188 12854 8706 7407 6567 6159 5696 5367 5325 5150 5017 5101 5083 4743 4453 3983 3470 3279 3067 2975 2932 2884 2904 2916 2870 2809 2815 2766 2555 2511 2519 2505 2452 2634 2685 2775 2815 2819 2845 2949 2703 2739 2722
c 29.444 2 <#518> clenhist drpd total:1697467 0 20 106 124 163 189 4252 13432 22236 30288 37272 36692 37692 39964 40635 38784 79671 127647 91045 61114 50409 44325 41155 38956 37860 36852 36231 36510 36544 36779 35625 33428 30110 27267 25667 24392 23861 23164 22812 22245 21797 21175 20220 19607 19019 17958 17607 17518 17060 17381 17652 18003 18453 18505 18517 18719 18669 18657 18001 17431
RESPONSE_TIME #518 18.555740 rev. 0
c 29.327 0 SOLUTION #518 SATISFIABLE rev. 0
c 29.327 0 <#518> END pps:1162296374 dcs:34558269 cfs:2915419 rst:202031 prod:2053088 (flt:11198 adm:334864 drp:1706999) recv:6694272 (flt:68799 digd:6548997 drp:0) + intim:0/0
c 29.327 0 <#518> END exp:89928/89928 drp:0(0.000000) pflt:0 sflt:0
c 29.327 0 <#518> clenhist prod total:2053117 0 1971 8710 13114 21968 27813 30975 33181 34080 35648 42156 43296 46069 49233 50003 45989 86970 138366 99282 69132 57753 51207 47436 45237 43775 43055 42019 41423 40653 40061 38642 36193 32148 29513 26941 26045 25134 24744 24588 23853 23767 23055 22796 22016 21436 21181 20799 20711 20491 20520 20856 21156 21690 22268 22519 22947 22334 21994 21328 20879
c 29.327 0 <#518> clenhist flfl total:11198 0 554 3237 997 1222 1262 616 140 48 90 78 40 36 43 37 22 913 920 189 21 24 31 23 44 38 25 65 35 45 50 19 35 16 22 19 19 26 8 46 13 39 12 16 10 2 1 0 8 1 1 7 6 6 6 6 2 7
c 29.327 0 <#518> clenhist admt total:334865 0 1391 5390 12019 20602 26410 20010 10231 6903 4967 5169 5471 5579 6273 6975 6635 11956 15033 10243 7382 6400 5709 5412 5436 5262 5226 5102 5046 4908 5077 4843 4546 3914 3624 3163 3203 3031 2953 2894 2879 2978 2890 2880 2731 2698 2669 2799 2736 2708 2865 2739 2928 3030 3114 3097 3121 3062 2909 2876 2768
c 29.328 0 <#518> clenhist drpd total:1707034 0 26 83 98 144 141 10349 22810 27129 30591 36908 37785 40451 42917 42989 39332 74101 122411 88847 61728 51329 45468 42001 39755 38474 37803 36852 36342 35700 34934 33781 31612 28217 25867 23759 22823 22076 21783 21648 20961 20749 20152 19899 19275 18736 18511 18000 17965 17782 17654 18110 18222 18654 19149 19414 19824 19265 19085 18452 18111
c 29.328 0 <#518> clenhist retd total:31756 0 0 0 0 5049 11715 14894 98
c 29.330 1 <#518> END pps:1143353282 dcs:35007445 cfs:3012843 rst:207131 prod:2127698 (flt:10299 adm:381352 drp:1735992) recv:6694272 (flt:80968 digd:6486615 drp:0) + intim:0/0
c 29.330 1 <#518> END exp:86747/86747 drp:0(0.000000) pflt:0 sflt:0
c 29.330 1 <#518> clenhist prod total:2127725 0 1840 8737 12791 21558 27462 30500 33866 34801 36742 43841 44416 46587 49859 52562 51892 94773 145856 105356 73132 61155 54194 49066 46605 44436 43330 42042 41399 41755 41303 40158 37659 33616 30799 28589 27432 26854 26510 26146 25571 25130 24464 23880 23041 22622 21889 21620 21199 21211 21152 21617 21571 22008 21951 22224 22280 22017 21338 20873 20449
c 29.330 1 <#518> clenhist flfl total:10299 0 646 3222 1041 1048 1092 896 362 87 54 68 32 15 17 15 13 872 781 27 6 0 0 0 0 0 0 1 0 4
c 29.330 1 <#518> clenhist admt total:381352 0 1171 5401 11624 20346 26180 27138 20000 9477 6704 7191 7153 7649 8661 9151 8940 14537 19219 13173 8804 7599 6774 6088 5924 5713 5567 5369 5277 5253 5165 4907 4622 4099 3712 3319 3216 3167 3114 3062 3039 3058 3025 2966 2799 2789 2587 2578 2597 2502 2482 2537 2568 2665 2689 2761 2739 2724 2621 2647 2513
c 29.330 1 <#518> clenhist drpd total:1736026 0 23 114 126 164 190 2466 13504 25237 29982 36581 37231 38923 41179 43393 42936 79363 125853 92155 64321 53553 47421 42977 40676 38723 37763 36670 36120 36497 36137 35251 33036 29517 27086 25269 24216 23687 23396 23083 22532 22072 21439 20914 20240 19832 19303 19040 18602 18709 18668 19077 19001 19343 19261 19463 19541 19293 18717 18226 17934
c 29.330 1 <#518> clenhist retd total:4055 0 0 0 0 375 1598 1985 97
c 29.446 3 <#518> END pps:1136734196 dcs:35994467 cfs:2994225 rst:213334 prod:2119963 (flt:10322 adm:380287 drp:1729256) recv:6694272 (flt:79920 digd:6507332 drp:0) + intim:0/0
c 29.446 3 <#518> END exp:86062/86062 drp:0(0.000000) pflt:0 sflt:0
c 29.446 3 <#518> clenhist prod total:2119994 0 1874 8438 12485 21302 27013 30255 32885 33811 35250 42118 43015 44526 47157 49627 50315 95980 146325 105835 74709 62761 56354 51100 48040 46964 45185 43518 42388 42089 41548 39480 36793 32692 29927 27217 26065 25393 25133 25282 24631 24408 24290 23553 22936 22146 21720 21045 20799 20780 20950 21317 21768 21870 22493 22770 22942 22633 22551 21950 21594
c 29.446 3 <#518> clenhist flfl total:10322 0 636 3144 980 1036 1149 891 300 126 54 113 41 26 31 20 15 867 837 34 7 0 0 0 0 2 1 1 0 4 2 0 1 0 0 0 0 0 0 1 0 1 0 0 0 0 0 0 0 0 0 0 0 1 0 0 0 1
c 29.446 3 <#518> clenhist admt total:380288 0 1211 5200 11387 20091 25654 27474 20390 11521 6306 7200 7002 6877 7136 7431 7714 13269 19961 13270 9220 7614 7025 6229 6088 5855 5633 5422 5271 5313 5210 4953 4656 4051 3640 3309 3247 3145 3201 3072 2881 3119 2979 2933 2872 2777 2769 2591 2645 2647 2610 2720 2722 2780 2868 2942 2923 2902 2894 2761 2705
c 29.446 3 <#518> clenhist drpd total:1729291 0 27 94 118 175 210 1890 12195 22164 28886 34803 35970 37620 39988 42174 42585 81839 125519 92527 65480 55145 49329 44868 41950 41105 39548 38093 37115 36771 36333 34527 32133 28640 26285 23906 22815 22247 21932 22207 21749 21288 21310 20619 20062 19369 18949 18452 18154 18132 18339 18595 19045 19088 19625 19827 20017 19726 19656 19188 18888
c 29.329 0 SATWP mal:1:MallobSat done, result SAT
c 29.329 0 SATWP mal:1:MallobSat found SAT
c 29.330 0 SATWP Checked model @ mal:1:MallobSat, size 13797
c 29.337 0 SATWP Reconstructed model @ sweep:0:MallobSweep, size 13797
c 29.338 0 SATWP Checked model @ sweep:0:MallobSweep
c 29.339 0 SATWP RES ~10~
c 29.352 0 RESPONSE_TIME #516 29.209976 rev. 0
c 29.352 0 SOLUTION #516 SATISFIABLE rev. 0
s SATISFIABLE
c 29.353 0 Mono job done
c 29.684 2 Exiting happily
c 29.685 3 Exiting happily
c 29.570 1 Exiting happily
c 29.568 0 Exiting happily
Options -binding/-bind-to/-map-by/-membind are not supported and will be ignored.
	Please refer I_MPI_PIN environment variables family.
[proxy:0:0@i01r01c01s01] HYD_spawn (../../../../../src/pm/i_hydra/libhydra/spawn/intel/hydra_spawn.c:177): execvp error on file scripts/slurm/epilogNew.sh (Permission denied)
[proxy:0:0@i01r01c01s01] HYD_spawn (../../../../../src/pm/i_hydra/libhydra/spawn/intel/hydra_spawn.c:177): execvp error on file scripts/slurm/epilogNew.sh (Permission denied)
Thu Oct  1 17:43:41 CEST 2026 JOB 3 FINISHED
logdir: /hppfs/scratch/0D/di97lib/tmp/chainSS-401-sat23-n2-test-5904319/4 , localtmp: /hppfs/scratch/0D/di97lib/tmp/chainSS-401-sat23-n2-test-5904319/tmp/4 , output: /hppfs/work/pn72pu/di97lib/logs/chainSS-401-sat23-n2-test-5904319
 
 
Thu Oct  1 17:43:44 CEST 2026
jobname:  chainSS-401-sat23-n2-test
index:    4
logdir:   /hppfs/scratch/0D/di97lib/tmp/chainSS-401-sat23-n2-test-5904319/4
localtmp: /hppfs/scratch/0D/di97lib/tmp/chainSS-401-sat23-n2-test-5904319/tmp/4
output:   /hppfs/work/pn72pu/di97lib/logs/chainSS-401-sat23-n2-test-5904319
instance: /hppfs/work/pn72pu/di97lib/instances/sat23_uncompressed/cnfs/036b541db9d0839b0591d408ff4f77ae-aes_decry_2_rounds.debugged.cnf
 
/hppfs/work/pn72pu/di97lib/instances/sat23_uncompressed/cnfs/036b541db9d0839b0591d408ff4f77ae-aes_decry_2_rounds.debugged.cnf -> /hppfs/scratch/0D/di97lib/tmp/chainSS-401-sat23-n2-test-5904319/4
Thu Oct  1 17:43:44 CEST 2026 JOB 4 LAUNCHING
mpiexec -n 4 --bind-to core --map-by numa -genvall build/mallob -mono-app=SATWITHPRE -preprocess-config=config/satwithpre/actors_sweepfirst.json -satsolver=k -mono=/hppfs/work/pn72pu/di97lib/instances/sat23_uncompressed/cnfs/036b541db9d0839b0591d408ff4f77ae-aes_decry_2_rounds.debugged.cnf -jwl=30 -T=60 -wam=60000 -pre-cleanup=1 -log=/hppfs/scratch/0D/di97lib/tmp/chainSS-401-sat23-n2-test-5904319/4 -tmp=/hppfs/scratch/0D/di97lib/tmp/chainSS-401-sat23-n2-test-5904319/tmp/4 -comment-outputlogdir=/hppfs/work/pn72pu/di97lib/logs/chainSS-401-sat23-n2-test-5904319 -sro=/hppfs/scratch/0D/di97lib/tmp/chainSS-401-sat23-n2-test-5904319/4/processed-jobs.out -trace-dir=/hppfs/scratch/0D/di97lib/tmp/chainSS-401-sat23-n2-test-5904319/4/ -rpa=1 -pph=2 -mlpt=50000000 -t=24 -isp=0 -cfci=30 -rlbd=0 -ilbd=1 -q=0 -os=1 -cm=0 -rspaa=1 -jcup=0.1 -v=2 -sweep-solver-verbosity=0 -cjc=1 -cjtcp=0 -fcll=2 -seed=0 -sweep-skip-ratio=0.001 -sweep-skip-window=2.0 -sweep-max-bad-iters=3 -spd=/hppfs/scratch/0D/di97lib/tmp/chainSS-401-sat23-n2-test-5904319/4/ -spl=-1
Options -binding/-bind-to/-map-by/-membind are not supported and will be ignored.
	Please refer I_MPI_PIN environment variables family.
PROLOG: /hppfs/scratch/0D/di97lib/tmp/chainSS-401-sat23-n2-test-5904319/4 /hppfs/scratch/0D/di97lib/tmp/chainSS-401-sat23-n2-test-5904319/tmp/4
PROLOG: /hppfs/scratch/0D/di97lib/tmp/chainSS-401-sat23-n2-test-5904319/4 /hppfs/scratch/0D/di97lib/tmp/chainSS-401-sat23-n2-test-5904319/tmp/4
PROLOG: /hppfs/scratch/0D/di97lib/tmp/chainSS-401-sat23-n2-test-5904319/4 /hppfs/scratch/0D/di97lib/tmp/chainSS-401-sat23-n2-test-5904319/tmp/4
PROLOG: /hppfs/scratch/0D/di97lib/tmp/chainSS-401-sat23-n2-test-5904319/4 /hppfs/scratch/0D/di97lib/tmp/chainSS-401-sat23-n2-test-5904319/tmp/4
c 0.006 2 Cleaning up pre-execution
c 0.009 3 Cleaning up pre-execution
c 
c Mallob - Malleable Load Balancer - Massively Parallel Logic Backend
c 
c Core system:
c (C) 2018-2026 Dominik Schreiber, Karlsruhe Institute of Technology
c (C) 2025-2026 Niccolò Rigi-Luperti, Karlsruhe Institute of Technology
c 
c Application module SAT: by Dominik Schreiber and Niccolò Rigi-Luperti
c Featuring Lingeling and YalSAT by Armin Biere
c Featuring Kissat by Armin Biere
c Featuring CaDiCaL by Armin Biere, Mathias Fleury, Katalin Fazekas, Florian Pollitt, Tobias Faller, and Nils Froleyks
c Featuring Minisat by Niklas Een and Niklas Sörensson
c 
c Application module SATWITHPRE: 
c Featuring Satsuma by Markus Anders
c Featuring interface and proof production code by Anna Görth
c 
c Application module SWEEP: by Dominik Schreiber and Niccolò Rigi-Luperti
c 
c 0.008 0 Program options: -0o=0 -J=0 -SJ=0 -T=60 -adc=0 -aim=1 -ajpc=0 -ans=0 -apidir=.api -ba=4 -bem=1 -bicg=4 -br=0 -c=1 -cbbs=0 -cblm=1 -cblp=100000 -cdel=2 -cecpm=0 -cf=0 -cfci=30 -cfm=3 -cg=1 -ch=0 -checksums=0 -cjc=1 -cjtcp=0 -client-app-threads=1 -cm=0 -cmp=0 -colors=0 -compact-proof=0 -cpshm=0 -csa=1 -csm=3 -cusv=1 -dc=0 -decpm=0 -delaymonkey=0 -div-phases=1 -div-seeds=1 -dpa=1 -ds=0 -evpt=500 -evu=0 -extmem-disk-dir=.disk -fapii=0 -fcll=2 -fitp=0 -g=0 -gclls=0 -h=0 -huca=0 -iff=0 -ilbd=1 -inotify=1 -interface-fs=0 -interface-ipc=0 -ipm=1 -ivdh=0 -jc=4 -jcl=0 -jcup=0.1 -jjp=0 -js=0 -jwl=30 -l=1 -latencymonkey=0 -lbdpi=0 -lbdpo=0 -ljpc=32 -log=/hppfs/scratch/0D/di97lib/tmp/chainSS-401-sat23-n2-test-5904319/4 -mbt=8388608 -mcips=10 -md=0 -mempanic=1 -mjps=0 -mlbdps=2 -mlpt=50000000 -mmpi=0 -mono=/hppfs/work/pn72pu/di97lib/instances/sat23_uncompressed/cnfs/036b541db9d0839b0591d408ff4f77ae-aes_decry_2_rounds.debugged.cnf -mono-app=SATWITHPRE -mono-incs=0 -mscf=5 -nec=10 -no-import=0 -os=1 -otfc=0 -otfci=0 -otfcm=1 -p=0.1 -palrup=0 -palrup-binary=1 -palrup-check=0 -pb=1 -pbbm=0 -pcm=0 -pef=1 -pjp=9999999 -pph=2 -pre-cleanup=1 -prepro-proofs=0 -preprocess-config=config/satwithpre/actors_sweepfirst.json -preprocess-sweepnsat=0 -prisma=0 -proof-debugging=0 -ps=0 -psp=1 -q=0 -qcll=60 -qlbdl=60 -randlbd=0 -replay=0 -rlbd=0 -rpa=1 -rs=1 -rspaa=1 -s=0.5 -sat-config-dirs=config/sat/base -satsolver=k -scll=60 -scramble-lbds=0 -scsd=0 -seed=0 -sjd=0 -slbdl=60 -sleep=100 -spd=/hppfs/scratch/0D/di97lib/tmp/chainSS-401-sat23-n2-test-5904319/4/ -spl=-1 -sro=/hppfs/scratch/0D/di97lib/tmp/chainSS-401-sat23-n2-test-5904319/4/processed-jobs.out -sswl=0 -swic=1 -swmd=9999999 -swmi=9999999 -swmp=1000000 -swmpay=100000000 -swmwi=3 -swqt=1 -swrc=0 -swsk=1 -swskr=0.001 -swskw=2 -swslw=0 -swsp=0.05 -swsw=1 -swtws=0 -swvrb=0 -swxr=1 -swxs=1 -t=24 -terminate-abruptly=0 -tmp=/hppfs/scratch/0D/di97lib/tmp/chainSS-401-sat23-n2-test-5904319/tmp/4 -trace-dir=/hppfs/scratch/0D/di97lib/tmp/chainSS-401-sat23-n2-test-5904319/4/ -uninvert-proof=1 -v=2 -w=-1 -wam=60000 -warmup=0 -watchdog=1 -y=1 -yield=0 
c 0.008 0 Cleaning up pre-execution
c 0.010 1 Cleaning up pre-execution
c 0.275 2 [WARN] Num bounce alternatives must be at most half the number of workers!
c 0.275 2 [WARN] Falling back to safe value r=2.
c 0.138 1 [WARN] Num bounce alternatives must be at most half the number of workers!
c 0.138 1 [WARN] Falling back to safe value r=2.
c 0.276 3 [WARN] Num bounce alternatives must be at most half the number of workers!
c 0.276 3 [WARN] Falling back to safe value r=2.
c 0.136 0 [WARN] Num bounce alternatives must be at most half the number of workers!
c 0.136 0 [WARN] Falling back to safe value r=2.
c 0.137 0 Set up API connector
c 0.280 3 Machine color 1 with 2 total workers (my rank: 1)
c 0.142 1 Machine color 0 with 2 total workers (my rank: 1)
c 0.280 2 Machine color 1 with 2 total workers (my rank: 0)
c 0.141 0 Machine color 0 with 2 total workers (my rank: 0)
c 0.141 0 Assuming application "SATWITHPRE" for mono job
c 0.141 0 Submit mono job (increment) {"application":"SATWITHPRE","description-id":"mono-job-desc-0","files":["/hppfs/work/pn72pu/di97lib/instances/sat23_uncompressed/cnfs/036b541db9d0839b0591d408ff4f77ae-aes_decry_2_rounds.debugged.cnf"],"group-id":"1","incremental":false,"name":"mono-job-0","priority":1.0,"user":"admin","wallclock-limit":"30.000000s"}
c 0.674 0 SATWP launch sweep:0:MallobSweep
c 0.688 0 SATWP Sweep setting json['sweepresult-dir']=/hppfs/scratch/0D/di97lib/tmp/chainSS-401-sat23-n2-test-5904319/tmp/4/sweepresults-57701807
c 0.775 0 Introducing job #520 rev. 0 : r.#520:0 rev. 0 <- [0] born=0.775 hops=0 epoch=-1 matchId=-1 => [0]
c 0.784 0 <SWEEP> New SweepJob MPI Process on rank [0] with planned 24 threads, ctx 4 
c 0.784 0 New SweepJob MPI Process on rank [0] with planned 24 threads, ctx 4 
c 0.785 0 <SWEEP> SWEEP JOB SweepJob appl_start() STARTED: Rank 0, Index 0, ContextId 4, is root? 1, Parent-Rank 0, Parent-Index 0, threads=24, NumVars 279119, NumClauses 1607567
c 0.785 0 SWEEP JOB SweepJob appl_start() STARTED: Rank 0, Index 0, ContextId 4, is root? 1, Parent-Rank 0, Parent-Index 0, threads=24, NumVars 279119, NumClauses 1607567
c 0.942 2 <SWEEP> New SweepJob MPI Process on rank [2] with planned 24 threads, ctx 6 
c 0.942 2 New SweepJob MPI Process on rank [2] with planned 24 threads, ctx 6 
c 0.805 1 <SWEEP> New SweepJob MPI Process on rank [1] with planned 24 threads, ctx 5 
c 0.805 1 New SweepJob MPI Process on rank [1] with planned 24 threads, ctx 5 
c 1.000 3 <SWEEP> New SweepJob MPI Process on rank [3] with planned 24 threads, ctx 7 
c 1.000 3 New SweepJob MPI Process on rank [3] with planned 24 threads, ctx 7 
c 0.894 1 <SWEEP> SWEEP JOB SweepJob appl_start() STARTED: Rank 1, Index 2, ContextId 5, is root? 0, Parent-Rank 0, Parent-Index 0, threads=24, NumVars 279119, NumClauses 1607567
c 0.894 1 SWEEP JOB SweepJob appl_start() STARTED: Rank 1, Index 2, ContextId 5, is root? 0, Parent-Rank 0, Parent-Index 0, threads=24, NumVars 279119, NumClauses 1607567
c 1.039 2 <SWEEP> SWEEP JOB SweepJob appl_start() STARTED: Rank 2, Index 1, ContextId 6, is root? 0, Parent-Rank 0, Parent-Index 0, threads=24, NumVars 279119, NumClauses 1607567
c 1.039 2 SWEEP JOB SweepJob appl_start() STARTED: Rank 2, Index 1, ContextId 6, is root? 0, Parent-Rank 0, Parent-Index 0, threads=24, NumVars 279119, NumClauses 1607567
c 1.123 3 <SWEEP> SWEEP JOB SweepJob appl_start() STARTED: Rank 3, Index 3, ContextId 7, is root? 0, Parent-Rank 2, Parent-Index 1, threads=24, NumVars 279119, NumClauses 1607567
c 1.123 3 SWEEP JOB SweepJob appl_start() STARTED: Rank 3, Index 3, ContextId 7, is root? 0, Parent-Rank 2, Parent-Index 1, threads=24, NumVars 279119, NumClauses 1607567
c 0.992 0 [WARN] #520:0 job tree has size 1/4
c 1.201 0 sysstate busyratio=1.000 cmtdratio=0.250 jobs=1 globmem=0.00GB newreqs=3 hops=2
c 1.201 0 sysstate entered=2 parsed=2 scheduled=2 processed=0 successful=0
c 2.201 0 sysstate busyratio=1.000 cmtdratio=0.000 jobs=1 globmem=2.70GB newreqs=0 hops=0
c 2.201 0 sysstate entered=2 parsed=2 scheduled=2 processed=0 successful=0
c 2.338 0 <SWEEP> [0](root-trf) ITERATION 1/9999999 STARTED 
c 3.215 0 sysstate busyratio=1.000 cmtdratio=0.000 jobs=1 globmem=11.92GB newreqs=0 hops=0
c 3.215 0 sysstate entered=2 parsed=2 scheduled=2 processed=0 successful=0
c 4.216 0 sysstate busyratio=1.000 cmtdratio=0.000 jobs=1 globmem=12.97GB newreqs=0 hops=0
c 4.216 0 sysstate entered=2 parsed=2 scheduled=2 processed=0 successful=0
c 5.216 0 sysstate busyratio=1.000 cmtdratio=0.000 jobs=1 globmem=13.04GB newreqs=0 hops=0
c 5.216 0 sysstate entered=2 parsed=2 scheduled=2 processed=0 successful=0
c 5.621 0 <SWEEP> [0](root-trf) ITERATION 1/9999999 shared: 58318 EQS, 14125 UNITS  
c 5.833 0 <SWEEP> [0](root-trf) ITERATION 2/9999999 STARTED 
c 6.217 0 sysstate busyratio=1.000 cmtdratio=0.000 jobs=1 globmem=13.04GB newreqs=0 hops=0
c 6.218 0 sysstate entered=2 parsed=2 scheduled=2 processed=0 successful=0
c 7.218 0 sysstate busyratio=1.000 cmtdratio=0.000 jobs=1 globmem=11.92GB newreqs=0 hops=0
c 7.218 0 sysstate entered=2 parsed=2 scheduled=2 processed=0 successful=0
c 8.218 0 sysstate busyratio=1.000 cmtdratio=0.000 jobs=1 globmem=11.95GB newreqs=0 hops=0
c 8.218 0 sysstate entered=2 parsed=2 scheduled=2 processed=0 successful=0
c 9.219 0 sysstate busyratio=1.000 cmtdratio=0.000 jobs=1 globmem=11.94GB newreqs=0 hops=0
c 9.219 0 sysstate entered=2 parsed=2 scheduled=2 processed=0 successful=0
c 10.219 0 sysstate busyratio=1.000 cmtdratio=0.000 jobs=1 globmem=11.90GB newreqs=0 hops=0
c 10.219 0 sysstate entered=2 parsed=2 scheduled=2 processed=0 successful=0
c 11.220 0 sysstate busyratio=1.000 cmtdratio=0.000 jobs=1 globmem=11.79GB newreqs=0 hops=0
c 11.220 0 sysstate entered=2 parsed=2 scheduled=2 processed=0 successful=0
c 12.220 0 sysstate busyratio=1.000 cmtdratio=0.000 jobs=1 globmem=11.69GB newreqs=0 hops=0
c 12.220 0 sysstate entered=2 parsed=2 scheduled=2 processed=0 successful=0
c 13.220 0 sysstate busyratio=1.000 cmtdratio=0.000 jobs=1 globmem=11.54GB newreqs=0 hops=0
c 13.221 0 sysstate entered=2 parsed=2 scheduled=2 processed=0 successful=0
c 14.221 0 sysstate busyratio=1.000 cmtdratio=0.000 jobs=1 globmem=11.41GB newreqs=0 hops=0
c 14.221 0 sysstate entered=2 parsed=2 scheduled=2 processed=0 successful=0
c 14.369 0 <SWEEP> [0](root-trf) ITERATION 2/9999999 shared: 6176 EQS, 387 UNITS  
c 14.584 0 <SWEEP> [0](root-trf) ITERATION 3/9999999 STARTED 
